{
  _type: 'element',
  tags: null,
  links: null,
  viewOf: 'saas.MLservice',
  _stage: 'layouted',
  sourcePath: 'ontwerp/ontwerp.c4',
  description: null,
  title: '3.7 - ML service',
  id: 'mlComponents',
  autoLayout: {
    direction: 'TB',
  },
  hash: 'QoEeKH4w2IjJT8Z7EkQSN-wvBvY6TGvKCvICFsBvyls',
  bounds: {
    x: -668,
    y: 249,
    width: 2258,
    height: 748,
  },
  nodes: [
    {
      id: 'saas.MLservice.effectmeting',
      parent: null,
      level: 0,
      children: [],
      inEdges: [],
      outEdges: [
        '1oemb1x',
      ],
      title: 'Effectmeting',
      modelRef: 'saas.MLservice.effectmeting',
      shape: 'rectangle',
      color: 'primary',
      style: {
        opacity: 15,
        size: 'md',
      },
      description: {
        txt: 'Werkelijk verbruik vs. P50-voorspelling: advies opgevolgd ja/nee en gemeten winst',
      },
      tags: [],
      kind: 'component',
      x: -27,
      y: 269,
      width: 323,
      height: 180,
      labelBBox: {
        x: 18,
        y: 56,
        width: 288,
        height: 65,
      },
      navigateTo: null,
      links: null,
    },
    {
      id: 'saas.MLservice.weersverwachting',
      parent: null,
      level: 0,
      children: [],
      inEdges: [],
      outEdges: [
        'f1vu2l',
      ],
      title: 'Weersverwachting',
      modelRef: 'saas.MLservice.weersverwachting',
      shape: 'rectangle',
      color: 'primary',
      style: {
        opacity: 15,
        size: 'md',
      },
      description: {
        txt: 'Haalt instraling, bewolking en temperatuur op voor de komende 48 uur',
      },
      tags: [],
      kind: 'component',
      x: -648,
      y: 797,
      width: 341,
      height: 180,
      labelBBox: {
        x: 18,
        y: 56,
        width: 305,
        height: 65,
      },
      navigateTo: null,
      links: null,
    },
    {
      id: 'saas.MLservice.hertrainen',
      parent: null,
      level: 0,
      children: [],
      inEdges: [
        '1oemb1x',
      ],
      outEdges: [
        '9js3ko',
      ],
      title: 'Hertrainen',
      modelRef: 'saas.MLservice.hertrainen',
      shape: 'rectangle',
      color: 'primary',
      style: {
        opacity: 15,
        size: 'md',
      },
      description: {
        txt: 'Hertraint voorspellers, clusters en acceptatiemodel op de nieuwe data',
      },
      tags: [],
      kind: 'component',
      x: 574,
      y: 269,
      width: 320,
      height: 180,
      labelBBox: {
        x: 40,
        y: 56,
        width: 240,
        height: 65,
      },
      navigateTo: null,
      links: null,
    },
    {
      id: 'saas.MLservice.modelregister',
      parent: null,
      level: 0,
      children: [],
      inEdges: [
        '9js3ko',
      ],
      outEdges: [
        '1mx70th',
        'oz1v1o',
      ],
      title: 'Modelregister',
      modelRef: 'saas.MLservice.modelregister',
      shape: 'storage',
      color: 'primary',
      style: {
        opacity: 15,
        size: 'md',
      },
      description: {
        txt: 'MLflow: modelversies en testscores, nieuw model alleen live als het beter scoort',
      },
      tags: [],
      kind: 'component',
      x: 1206,
      y: 269,
      width: 325,
      height: 180,
      labelBBox: {
        x: 18,
        y: 56,
        width: 289,
        height: 65,
      },
      navigateTo: null,
      links: null,
    },
    {
      id: 'saas.MLservice.voorspellen',
      parent: null,
      level: 0,
      children: [],
      inEdges: [
        '1mx70th',
        'f1vu2l',
      ],
      outEdges: [
        '1hdxpqf',
      ],
      title: 'Voorspellen',
      modelRef: 'saas.MLservice.voorspellen',
      shape: 'rectangle',
      color: 'primary',
      style: {
        opacity: 15,
        size: 'md',
      },
      description: {
        txt: 'Opwek en verbruik per kwartier, P10-P90 (LightGBM-kwantielregressie)',
      },
      tags: [],
      kind: 'component',
      x: -27,
      y: 797,
      width: 320,
      height: 180,
      labelBBox: {
        x: 21,
        y: 56,
        width: 278,
        height: 65,
      },
      navigateTo: null,
      links: null,
    },
    {
      id: 'saas.MLservice.optimaliseren',
      parent: null,
      level: 0,
      children: [],
      inEdges: [
        '1hdxpqf',
      ],
      outEdges: [
        '1pztqjy',
      ],
      title: 'Optimaliseren',
      modelRef: 'saas.MLservice.optimaliseren',
      shape: 'rectangle',
      color: 'primary',
      style: {
        opacity: 15,
        size: 'md',
      },
      description: {
        txt: 'Plant verschuifbare apparaten naar onbenut overschot (P10) binnen comfortgrenzen (MILP)',
      },
      tags: [],
      kind: 'component',
      x: 574,
      y: 797,
      width: 352,
      height: 180,
      labelBBox: {
        x: 18,
        y: 56,
        width: 317,
        height: 65,
      },
      navigateTo: null,
      links: null,
    },
    {
      id: 'saas.MLservice.rangschikken',
      parent: null,
      level: 0,
      children: [],
      inEdges: [
        'oz1v1o',
        '1pztqjy',
      ],
      outEdges: [],
      title: 'Rangschikken',
      modelRef: 'saas.MLservice.rangschikken',
      shape: 'rectangle',
      color: 'primary',
      style: {
        opacity: 15,
        size: 'md',
      },
      description: {
        txt: 'Winst x kans op opvolgen (Thompson sampling), kiest de top 3 adviezen',
      },
      tags: [],
      kind: 'component',
      x: 1206,
      y: 797,
      width: 364,
      height: 180,
      labelBBox: {
        x: 18,
        y: 56,
        width: 328,
        height: 65,
      },
      navigateTo: null,
      links: null,
    },
  ],
  edges: [
    {
      id: '1oemb1x',
      source: 'saas.MLservice.effectmeting',
      target: 'saas.MLservice.hertrainen',
      label: 'levert opgevolgd ja/nee en gemeten winst',
      points: [
        [
          328,
          358,
        ],
        [
          421,
          360,
        ],
        [
          530,
          359,
        ],
        [
          625,
          362,
        ],
      ],
      labelBBox: {
        x: 294,
        y: 380,
        width: 262,
        height: 18,
      },
      parent: null,
      relations: [
        '5kr0ai',
      ],
      color: 'gray',
      line: 'dashed',
      head: 'normal',
      isLabelCustomized: true,
      controlPoints: [
        {
          x: 408,
          y: 359,
        },
        {
          x: 463,
          y: 359,
        },
      ],
      navigateTo: null,
      tags: null,
    },
    {
      id: '9js3ko',
      source: 'saas.MLservice.hertrainen',
      target: 'saas.MLservice.modelregister',
      label: 'registreert nieuwe modellen',
      points: [
        [
          882,
          356,
        ],
        [
          949,
          353,
        ],
        [
          1031,
          354,
        ],
        [
          1100,
          353,
        ],
      ],
      labelBBox: {
        x: 966,
        y: 373,
        width: 176,
        height: 18,
      },
      parent: null,
      relations: [
        'hdg4yg',
      ],
      color: 'gray',
      line: 'dashed',
      head: 'normal',
      isLabelCustomized: true,
      controlPoints: [
        {
          x: 1019,
          y: 359,
        },
        {
          x: 1082,
          y: 359,
        },
      ],
      navigateTo: null,
      tags: null,
    },
    {
      id: '1mx70th',
      source: 'saas.MLservice.modelregister',
      target: 'saas.MLservice.voorspellen',
      label: 'getrainde modellen',
      points: [
        [
          1050,
          491,
        ],
        [
          957,
          534,
        ],
        [
          854,
          580,
        ],
        [
          769,
          620,
        ],
        [
          708,
          648,
        ],
        [
          643,
          679,
        ],
        [
          582,
          706,
        ],
      ],
      labelBBox: {
        x: 841,
        y: 585,
        width: 123,
        height: 18,
      },
      parent: null,
      relations: [
        '48fxtq',
      ],
      color: 'gray',
      line: 'dashed',
      head: 'normal',
      isLabelCustomized: false,
      controlPoints: [
        {
          x: 841,
          y: 585,
        },
        {
          x: 658,
          y: 663,
        },
      ],
      navigateTo: null,
      tags: null,
    },
    {
      id: 'oz1v1o',
      source: 'saas.MLservice.modelregister',
      target: 'saas.MLservice.rangschikken',
      label: 'getrainde modellen',
      points: [
        [
          1379,
          403,
        ],
        [
          1409,
          500,
        ],
        [
          1479,
          721,
        ],
        [
          1511,
          824,
        ],
      ],
      labelBBox: {
        x: 1377,
        y: 588,
        width: 123,
        height: 18,
      },
      parent: null,
      relations: [
        '1b6c9va',
      ],
      color: 'gray',
      line: 'dashed',
      head: 'normal',
      isLabelCustomized: false,
      controlPoints: [
        {
          x: 1377,
          y: 588,
        },
        {
          x: 1380,
          y: 658,
        },
      ],
      navigateTo: null,
      tags: null,
    },
    {
      id: 'f1vu2l',
      source: 'saas.MLservice.weersverwachting',
      target: 'saas.MLservice.voorspellen',
      label: 'levert weerfeatures',
      points: [
        [
          -435,
          885,
        ],
        [
          -352,
          889,
        ],
        [
          -161,
          898,
        ],
        [
          -71,
          901,
        ],
      ],
      labelBBox: {
        x: -195,
        y: 887,
        width: 123,
        height: 18,
      },
      parent: null,
      relations: [
        '9qfqsc',
      ],
      color: 'gray',
      line: 'dashed',
      head: 'normal',
      isLabelCustomized: false,
      controlPoints: [
        {
          x: -195,
          y: 887,
        },
        {
          x: -139,
          y: 887,
        },
      ],
      navigateTo: null,
      tags: null,
    },
    {
      id: '1hdxpqf',
      source: 'saas.MLservice.voorspellen',
      target: 'saas.MLservice.optimaliseren',
      label: 'levert voorspeld overschot (P10)',
      points: [
        [
          291,
          879,
        ],
        [
          367,
          877,
        ],
        [
          456,
          875,
        ],
        [
          532,
          874,
        ],
      ],
      labelBBox: {
        x: 338,
        y: 903,
        width: 206,
        height: 18,
      },
      parent: null,
      relations: [
        '1yshhwe',
      ],
      color: 'gray',
      line: 'dashed',
      head: 'normal',
      isLabelCustomized: true,
      controlPoints: [
        {
          x: 405,
          y: 887,
        },
        {
          x: 462,
          y: 887,
        },
      ],
      navigateTo: null,
      tags: null,
    },
    {
      id: '1pztqjy',
      source: 'saas.MLservice.optimaliseren',
      target: 'saas.MLservice.rangschikken',
      label: 'levert mogelijke adviezen',
      points: [
        [
          932,
          885,
        ],
        [
          1018,
          887,
        ],
        [
          1121,
          887,
        ],
        [
          1210,
          888,
        ],
      ],
      labelBBox: {
        x: 953,
        y: 914,
        width: 161,
        height: 18,
      },
      parent: null,
      relations: [
        '5ygzxy',
      ],
      color: 'gray',
      line: 'dashed',
      head: 'normal',
      isLabelCustomized: true,
      controlPoints: [
        {
          x: 1038,
          y: 887,
        },
        {
          x: 1094,
          y: 887,
        },
      ],
      navigateTo: null,
      tags: null,
    },
  ],
  _layout: 'manual',
}
