{
  _type: 'element',
  tags: null,
  links: null,
  viewOf: 'saas',
  _stage: 'layouted',
  sourcePath: 'ontwerp/ontwerp.c4',
  description: null,
  title: '2 - Containers',
  id: 'saas',
  autoLayout: {
    direction: 'TB',
    nodeSep: 205,
    rankSep: 200,
  },
  hash: 'd2T8wKWV8RuEz6F5LdZEHnvRS3e7TEZAWl1qseQcw5c',
  bounds: {
    x: -62,
    y: -66,
    width: 1682,
    height: 2346,
  },
  nodes: [
    {
      id: 'customer',
      parent: null,
      level: 0,
      children: [],
      inEdges: [],
      outEdges: [
        'ps1101',
      ],
      title: 'Klein energieverbruikers',
      modelRef: 'customer',
      shape: 'rectangle',
      color: 'muted',
      style: {
        opacity: 25,
        size: 'md',
      },
      description: {
        txt: '',
      },
      tags: [],
      kind: 'actor',
      x: 268,
      y: -46,
      width: 320,
      height: 180,
      labelBBox: {
        x: 50,
        y: 76,
        width: 220,
        height: 24,
      },
      navigateTo: null,
      links: null,
    },
    {
      id: 'beheerder',
      parent: null,
      level: 0,
      children: [],
      inEdges: [],
      outEdges: [
        'j2qufv',
      ],
      title: 'Systeembeheerder',
      modelRef: 'beheerder',
      shape: 'rectangle',
      color: 'muted',
      style: {
        opacity: 25,
        size: 'md',
      },
      description: {
        txt: '',
      },
      tags: [],
      kind: 'actor',
      x: 1010,
      y: -41,
      width: 320,
      height: 180,
      labelBBox: {
        x: 74,
        y: 76,
        width: 173,
        height: 24,
      },
      navigateTo: null,
      links: null,
    },
    {
      id: 'meterdata',
      parent: null,
      level: 0,
      children: [],
      inEdges: [],
      outEdges: [
        'vrvfpc',
      ],
      title: 'Meterdata',
      modelRef: 'meterdata',
      shape: 'rectangle',
      color: 'muted',
      style: {
        opacity: 25,
        size: 'md',
      },
      description: {
        txt: 'Kwartierwaarden per meter die gekoppeld is aan klant',
      },
      tags: [],
      kind: 'actor',
      x: 12,
      y: 2078,
      width: 333,
      height: 180,
      labelBBox: {
        x: 18,
        y: 56,
        width: 297,
        height: 65,
      },
      navigateTo: null,
      links: null,
    },
    {
      id: 'weerdata',
      parent: null,
      level: 0,
      children: [],
      inEdges: [],
      outEdges: [
        '1ymtrvx',
      ],
      title: 'Weerdata',
      modelRef: 'weerdata',
      shape: 'rectangle',
      color: 'muted',
      style: {
        opacity: 25,
        size: 'md',
      },
      description: {
        txt: 'Weerdata van de komende 24 uur',
      },
      tags: [],
      kind: 'actor',
      x: 1238,
      y: 2080,
      width: 320,
      height: 180,
      labelBBox: {
        x: 45,
        y: 65,
        width: 231,
        height: 47,
      },
      navigateTo: null,
      links: null,
    },
    {
      id: 'saas',
      parent: null,
      level: 0,
      children: [
        'saas.webapp',
        'saas.ingestService',
        'saas.frontendAPI',
        'saas.rekenservice',
        'saas.MLservice',
        'saas.backendAPI',
        'saas.database',
      ],
      inEdges: [
        'ps1101',
        'j2qufv',
        'vrvfpc',
        '1ymtrvx',
      ],
      outEdges: [],
      title: '2 - Containers',
      modelRef: 'saas',
      shape: 'rectangle',
      color: 'primary',
      style: {
        opacity: 25,
        size: 'md',
      },
      tags: [
        'version1',
      ],
      kind: 'system',
      depth: 1,
      x: -42,
      y: 293,
      width: 1642,
      height: 1600,
      labelBBox: {
        x: 6,
        y: 0,
        width: 93,
        height: 15,
      },
      navigateTo: null,
      links: null,
    },
    {
      id: 'saas.webapp',
      parent: 'saas',
      level: 1,
      children: [],
      inEdges: [
        'ps1101',
        'j2qufv',
      ],
      outEdges: [
        '1rj2ap9',
      ],
      title: 'Web app',
      modelRef: 'saas.webapp',
      shape: 'browser',
      color: 'primary',
      style: {
        opacity: 25,
        size: 'md',
      },
      description: {
        txt: '{interface tool moet nog gekozen worden}',
      },
      tags: [
        'ui',
        'warn',
      ],
      kind: 'service',
      navigateTo: 'webappDetail',
      isCustomized: true,
      x: 636,
      y: 353,
      width: 324,
      height: 180,
      labelBBox: {
        x: 22,
        y: 65,
        width: 281,
        height: 47,
      },
      links: null,
    },
    {
      id: 'saas.ingestService',
      parent: 'saas',
      level: 1,
      children: [],
      inEdges: [
        'vrvfpc',
      ],
      outEdges: [
        'uytrmn',
        '11ywh1l',
      ],
      title: 'Ingest service',
      modelRef: 'saas.ingestService',
      shape: 'rectangle',
      color: 'primary',
      style: {
        opacity: 25,
        size: 'md',
      },
      description: {
        txt: 'Binnenkomend data moet gekoppeld worden aan juiste klant',
      },
      tags: [],
      kind: 'service',
      navigateTo: 'ingestDetail',
      isCustomized: true,
      x: 0,
      y: 1671,
      width: 367,
      height: 180,
      labelBBox: {
        x: 19,
        y: 56,
        width: 331,
        height: 65,
      },
      links: null,
    },
    {
      id: 'saas.frontendAPI',
      parent: 'saas',
      level: 1,
      children: [],
      inEdges: [
        '1rj2ap9',
      ],
      outEdges: [
        'csiogp',
      ],
      title: 'Frontend API',
      modelRef: 'saas.frontendAPI',
      shape: 'rectangle',
      color: 'primary',
      style: {
        opacity: 25,
        size: 'sm',
      },
      description: {
        txt: 'API die communiceert met de database vanuit de frontend',
      },
      tags: [],
      kind: 'service',
      navigateTo: 'frontendApiDetail',
      isCustomized: true,
      x: 661,
      y: 662,
      width: 273,
      height: 135,
      labelBBox: {
        x: 12,
        y: 40,
        width: 249,
        height: 53,
      },
      links: null,
    },
    {
      id: 'saas.rekenservice',
      parent: 'saas',
      level: 1,
      children: [],
      inEdges: [
        'uytrmn',
      ],
      outEdges: [
        '1edfhuk',
        '1crmqcc',
      ],
      title: 'Reken service',
      modelRef: 'saas.rekenservice',
      shape: 'rectangle',
      color: 'primary',
      style: {
        opacity: 25,
        size: 'md',
      },
      description: {
        txt: 'Berekenen gelijktijdigheid op kwartiersbasis',
      },
      tags: [],
      kind: 'service',
      navigateTo: 'rekenDetail',
      isCustomized: true,
      x: 633,
      y: 1671,
      width: 330,
      height: 180,
      labelBBox: {
        x: 18,
        y: 65,
        width: 294,
        height: 47,
      },
      links: null,
    },
    {
      id: 'saas.MLservice',
      parent: 'saas',
      level: 1,
      children: [],
      inEdges: [
        '1ymtrvx',
        '1crmqcc',
      ],
      outEdges: [
        'r6fxfu',
      ],
      title: 'ML service',
      modelRef: 'saas.MLservice',
      shape: 'rectangle',
      color: 'primary',
      style: {
        opacity: 25,
        size: 'md',
      },
      description: {
        txt: 'Voorspellen en adviseren op basis van gedragspatronen',
      },
      tags: [],
      kind: 'service',
      x: 1238,
      y: 1671,
      width: 320,
      height: 180,
      labelBBox: {
        x: 29,
        y: 56,
        width: 262,
        height: 65,
      },
      navigateTo: null,
      links: null,
    },
    {
      id: 'saas.backendAPI',
      parent: 'saas',
      level: 1,
      children: [],
      inEdges: [
        '11ywh1l',
        '1edfhuk',
        'r6fxfu',
      ],
      outEdges: [
        '1g6dk2b',
      ],
      title: 'Backend API',
      modelRef: 'saas.backendAPI',
      shape: 'rectangle',
      color: 'primary',
      style: {
        opacity: 25,
        size: 'sm',
      },
      description: {
        txt: 'API die communiceert met de database vanuit de backend',
      },
      tags: [],
      kind: 'service',
      navigateTo: 'backendApiDetail',
      isCustomized: true,
      x: 661,
      y: 1237,
      width: 273,
      height: 135,
      labelBBox: {
        x: 12,
        y: 40,
        width: 249,
        height: 53,
      },
      links: null,
    },
    {
      id: 'saas.database',
      parent: 'saas',
      level: 1,
      children: [],
      inEdges: [
        '1g6dk2b',
        'csiogp',
      ],
      outEdges: [],
      title: 'Database',
      modelRef: 'saas.database',
      shape: 'storage',
      color: 'primary',
      style: {
        opacity: 25,
        size: 'md',
      },
      description: {
        txt: 'Meetdata per deelnemer, koppeltabel, voorspellings en adviezen',
      },
      tags: [],
      kind: 'service',
      navigateTo: 'databaseDetail',
      isCustomized: true,
      x: 638,
      y: 927,
      width: 320,
      height: 180,
      labelBBox: {
        x: 32,
        y: 56,
        width: 257,
        height: 65,
      },
      links: null,
    },
  ],
  edges: [
    {
      id: 'ps1101',
      source: 'customer',
      target: 'saas.webapp',
      label: 'opens in browser',
      points: [
        [
          504,
          129,
        ],
        [
          564,
          192,
        ],
        [
          644,
          279,
        ],
        [
          704,
          343,
        ],
      ],
      labelBBox: {
        x: 593,
        y: 222,
        width: 111,
        height: 18,
      },
      parent: null,
      relations: [
        '1kbcgzi',
      ],
      color: 'gray',
      line: 'dashed',
      head: 'normal',
      isLabelCustomized: false,
      controlPoints: [
        {
          x: 593,
          y: 222,
        },
        {
          x: 633,
          y: 265,
        },
      ],
      navigateTo: null,
      tags: null,
    },
    {
      id: 'j2qufv',
      source: 'beheerder',
      target: 'saas.webapp',
      label: 'Inzien en beheren software via',
      points: [
        [
          1086,
          132,
        ],
        [
          1028,
          194,
        ],
        [
          949,
          277,
        ],
        [
          890,
          341,
        ],
      ],
      labelBBox: {
        x: 1004,
        y: 225,
        width: 195,
        height: 18,
      },
      parent: null,
      relations: [
        '69ubpy',
      ],
      color: 'gray',
      line: 'dashed',
      head: 'normal',
      isLabelCustomized: false,
      controlPoints: [
        {
          x: 1004,
          y: 225,
        },
        {
          x: 964,
          y: 267,
        },
      ],
      navigateTo: null,
      tags: null,
    },
    {
      id: 'vrvfpc',
      source: 'meterdata',
      target: 'saas.ingestService',
      label: 'Geeft meterdata aan oplossing',
      points: [
        [
          177,
          2077,
        ],
        [
          180,
          2010,
        ],
        [
          186,
          1926,
        ],
        [
          187,
          1862,
        ],
      ],
      labelBBox: {
        x: 181,
        y: 1987,
        width: 195,
        height: 18,
      },
      parent: null,
      relations: [
        '1bkfe7t',
      ],
      color: 'gray',
      line: 'dashed',
      head: 'normal',
      isLabelCustomized: false,
      controlPoints: [
        {
          x: 181,
          y: 1987,
        },
        {
          x: 182,
          y: 1942,
        },
      ],
      navigateTo: null,
      tags: null,
    },
    {
      id: '1ymtrvx',
      source: 'weerdata',
      target: 'saas.MLservice',
      label: 'Geeft weerdata aan oplossing',
      points: [
        [
          1381,
          2128,
        ],
        [
          1376,
          2106,
        ],
        [
          1372,
          2079,
        ],
        [
          1367,
          2055,
        ],
        [
          1359,
          1998,
        ],
        [
          1348,
          1896,
        ],
        [
          1344,
          1832,
        ],
      ],
      labelBBox: {
        x: 1398,
        y: 1988,
        width: 190,
        height: 18,
      },
      parent: null,
      relations: [
        'a9rqu',
      ],
      color: 'gray',
      line: 'dashed',
      head: 'normal',
      isLabelCustomized: false,
      controlPoints: [
        {
          x: 1398,
          y: 1988,
        },
        {
          x: 1398,
          y: 1943,
        },
      ],
      navigateTo: null,
      tags: null,
    },
    {
      id: '1rj2ap9',
      source: 'saas.webapp',
      target: 'saas.frontendAPI',
      label: 'Leest data vanuit database',
      points: [
        [
          788,
          465,
        ],
        [
          777,
          510,
        ],
        [
          756,
          605,
        ],
        [
          774,
          688,
        ],
        [
          779,
          709,
        ],
        [
          787,
          732,
        ],
        [
          794,
          749,
        ],
      ],
      labelBBox: {
        x: 798,
        y: 585,
        width: 172,
        height: 18,
      },
      parent: 'saas',
      relations: [
        '1svp3sl',
        '5g6thj',
        '1ny4s6l',
      ],
      color: 'gray',
      line: 'dashed',
      head: 'normal',
      isLabelCustomized: false,
      controlPoints: [
        {
          x: 798,
          y: 585,
        },
        {
          x: 798,
          y: 611,
        },
      ],
      navigateTo: null,
      tags: null,
    },
    {
      id: 'uytrmn',
      source: 'saas.ingestService',
      target: 'saas.rekenservice',
      label: 'meldt dat er nieuwe data is ingelezen',
      points: [
        [
          342,
          1755,
        ],
        [
          393,
          1753,
        ],
        [
          448,
          1755,
        ],
        [
          497,
          1753,
        ],
        [
          547,
          1754,
        ],
        [
          597,
          1754,
        ],
        [
          634,
          1755,
        ],
      ],
      labelBBox: {
        x: 375,
        y: 1790,
        width: 235,
        height: 18,
      },
      parent: 'saas',
      relations: [
        '1h2rr79',
      ],
      color: 'gray',
      line: 'dashed',
      head: 'normal',
      isLabelCustomized: true,
      controlPoints: [
        {
          x: 474,
          y: 1761,
        },
        {
          x: 527,
          y: 1761,
        },
      ],
      navigateTo: null,
      tags: null,
    },
    {
      id: '11ywh1l',
      source: 'saas.ingestService',
      target: 'saas.backendAPI',
      label: 'Schrijven van data naar database',
      points: [
        [
          265,
          1683,
        ],
        [
          290,
          1659,
        ],
        [
          324,
          1632,
        ],
        [
          350,
          1611,
        ],
        [
          578,
          1426,
        ],
        [
          671,
          1349,
        ],
        [
          774,
          1285,
        ],
        [
          829,
          1247,
        ],
        [
          830,
          1255,
        ],
        [
          821,
          1269,
        ],
      ],
      labelBBox: {
        x: 466,
        y: 1552,
        width: 213,
        height: 18,
      },
      parent: 'saas',
      relations: [
        'rxedf8',
        '1h3yedy',
      ],
      color: 'gray',
      line: 'dashed',
      head: 'normal',
      isLabelCustomized: false,
      controlPoints: [
        {
          x: 466,
          y: 1552,
        },
        {
          x: 546,
          y: 1492,
        },
      ],
      navigateTo: null,
      tags: null,
    },
    {
      id: '1g6dk2b',
      source: 'saas.backendAPI',
      target: 'saas.database',
      label: 'Lezen en schrijven naar database vanuit \nbackend',
      points: [
        [
          795,
          1252,
        ],
        [
          793,
          1210,
        ],
        [
          791,
          1144,
        ],
        [
          790,
          1093,
        ],
      ],
      labelBBox: {
        x: 798,
        y: 1185,
        width: 255,
        height: 35,
      },
      parent: 'saas',
      relations: [
        '3sqj65',
        'fanglt',
      ],
      color: 'gray',
      line: 'dashed',
      head: 'normal',
      isLabelCustomized: true,
      controlPoints: [
        {
          x: 798,
          y: 1185,
        },
        {
          x: 798,
          y: 1159,
        },
      ],
      navigateTo: null,
      tags: null,
    },
    {
      id: 'csiogp',
      source: 'saas.frontendAPI',
      target: 'saas.database',
      label: 'Lezen en schrijven naar database vanuit \nfrontend',
      points: [
        [
          797,
          770,
        ],
        [
          798,
          812,
        ],
        [
          799,
          874,
        ],
        [
          799,
          920,
        ],
      ],
      labelBBox: {
        x: 798,
        y: 849,
        width: 255,
        height: 35,
      },
      parent: 'saas',
      relations: [
        '1vfk8me',
        'tbj02i',
      ],
      color: 'gray',
      line: 'dashed',
      head: 'normal',
      isLabelCustomized: true,
      controlPoints: [
        {
          x: 798,
          y: 849,
        },
        {
          x: 798,
          y: 875,
        },
      ],
      navigateTo: null,
      tags: null,
    },
    {
      id: '1edfhuk',
      source: 'saas.rekenservice',
      target: 'saas.backendAPI',
      label: 'Leest data van database om \ngelijktijdigheid te berekenen en \nschrijft deze terug naar database',
      points: [
        [
          790,
          1730,
        ],
        [
          789,
          1722,
        ],
        [
          787,
          1706,
        ],
        [
          786,
          1693,
        ],
        [
          775,
          1605,
        ],
        [
          770,
          1571,
        ],
        [
          753,
          1427,
        ],
        [
          749,
          1402,
        ],
        [
          747,
          1383,
        ],
        [
          744,
          1358,
        ],
      ],
      labelBBox: {
        x: 798,
        y: 1552,
        width: 208,
        height: 52,
      },
      parent: 'saas',
      relations: [
        '2lus7j',
        'qodt53',
      ],
      color: 'gray',
      line: 'dashed',
      head: 'normal',
      isLabelCustomized: false,
      controlPoints: [
        {
          x: 798,
          y: 1552,
        },
        {
          x: 798,
          y: 1492,
        },
      ],
      navigateTo: null,
      tags: null,
    },
    {
      id: '1crmqcc',
      source: 'saas.rekenservice',
      target: 'saas.MLservice',
      label: 'meldt dat er nieuwe data is berekend',
      points: [
        [
          935,
          1760,
        ],
        [
          1038,
          1763,
        ],
        [
          1181,
          1765,
        ],
        [
          1288,
          1768,
        ],
      ],
      labelBBox: {
        x: 980,
        y: 1790,
        width: 234,
        height: 18,
      },
      parent: 'saas',
      relations: [
        '1ap684g',
      ],
      color: 'gray',
      line: 'dashed',
      head: 'normal',
      isLabelCustomized: true,
      controlPoints: [
        {
          x: 1073,
          y: 1761,
        },
        {
          x: 1128,
          y: 1761,
        },
      ],
      navigateTo: null,
      tags: null,
    },
    {
      id: 'r6fxfu',
      source: 'saas.MLservice',
      target: 'saas.backendAPI',
      label: 'Lezen van data van database',
      points: [
        [
          1243,
          1645,
        ],
        [
          1141,
          1566,
        ],
        [
          999,
          1459,
        ],
        [
          902,
          1384,
        ],
      ],
      labelBBox: {
        x: 1122,
        y: 1552,
        width: 188,
        height: 18,
      },
      parent: 'saas',
      relations: [
        '1ljnck6',
      ],
      color: 'gray',
      line: 'dashed',
      head: 'normal',
      isLabelCustomized: false,
      controlPoints: [
        {
          x: 1122,
          y: 1552,
        },
        {
          x: 1044,
          y: 1492,
        },
      ],
      navigateTo: null,
      tags: null,
    },
  ],
  _layout: 'manual',
}
