{
  _type: 'element',
  tags: null,
  links: null,
  viewOf: 'saas',
  _stage: 'layouted',
  sourcePath: 'ontwerp/ontwerp.c4',
  description: null,
  title: '2 - Containers',
  id: 'saas',
  autoLayout: {
    direction: 'TB',
    nodeSep: 205,
    rankSep: 200,
  },
  hash: 'd2T8wKWV8RuEz6F5LdZEHnvRS3e7TEZAWl1qseQcw5c',
  bounds: {
    x: -57,
    y: -189,
    width: 2162,
    height: 1666,
  },
  nodes: [
    {
      id: 'customer',
      parent: null,
      level: 0,
      children: [],
      inEdges: [],
      outEdges: [
        'ps1101',
      ],
      title: 'Klein energieverbruikers',
      modelRef: 'customer',
      shape: 'rectangle',
      color: 'muted',
      style: {
        opacity: 25,
        size: 'md',
      },
      description: {
        txt: '',
      },
      tags: [],
      kind: 'actor',
      x: -37,
      y: -163,
      width: 320,
      height: 180,
      labelBBox: {
        x: 50,
        y: 76,
        width: 220,
        height: 24,
      },
      navigateTo: null,
      links: null,
    },
    {
      id: 'beheerder',
      parent: null,
      level: 0,
      children: [],
      inEdges: [],
      outEdges: [
        'j2qufv',
      ],
      title: 'Systeembeheerder',
      modelRef: 'beheerder',
      shape: 'rectangle',
      color: 'muted',
      style: {
        opacity: 25,
        size: 'md',
      },
      description: {
        txt: '',
      },
      tags: [],
      kind: 'actor',
      x: 339,
      y: -163,
      width: 320,
      height: 180,
      labelBBox: {
        x: 74,
        y: 76,
        width: 173,
        height: 24,
      },
      navigateTo: null,
      links: null,
    },
    {
      id: 'meterdata',
      parent: null,
      level: 0,
      children: [],
      inEdges: [],
      outEdges: [
        'vrvfpc',
      ],
      title: 'Meterdata',
      modelRef: 'meterdata',
      shape: 'rectangle',
      color: 'muted',
      style: {
        opacity: 25,
        size: 'md',
      },
      description: {
        txt: 'Kwartierwaarden per meter die gekoppeld is aan klant',
      },
      tags: [],
      kind: 'actor',
      x: 759,
      y: -169,
      width: 333,
      height: 180,
      labelBBox: {
        x: 18,
        y: 56,
        width: 297,
        height: 65,
      },
      navigateTo: null,
      links: null,
    },
    {
      id: 'weerdata',
      parent: null,
      level: 0,
      children: [],
      inEdges: [],
      outEdges: [
        '1ymtrvx',
      ],
      title: 'Weerdata',
      modelRef: 'weerdata',
      shape: 'rectangle',
      color: 'muted',
      style: {
        opacity: 25,
        size: 'md',
      },
      description: {
        txt: 'Weerdata van de komende 24 uur',
      },
      tags: [],
      kind: 'actor',
      x: 1719,
      y: -152,
      width: 320,
      height: 180,
      labelBBox: {
        x: 45,
        y: 65,
        width: 231,
        height: 47,
      },
      navigateTo: null,
      links: null,
    },
    {
      id: 'saas',
      parent: null,
      level: 0,
      children: [
        'saas.webapp',
        'saas.ingestService',
        'saas.frontendAPI',
        'saas.rekenservice',
        'saas.MLservice',
        'saas.backendAPI',
        'saas.database',
      ],
      inEdges: [
        'ps1101',
        'j2qufv',
        'vrvfpc',
        '1ymtrvx',
      ],
      outEdges: [],
      title: '2 - Containers',
      modelRef: 'saas',
      shape: 'rectangle',
      color: 'primary',
      style: {
        opacity: 25,
        size: 'md',
      },
      tags: [
        'version1',
      ],
      kind: 'system',
      depth: 1,
      x: 278,
      y: 95,
      width: 1807,
      height: 1362,
      labelBBox: {
        x: 6,
        y: 0,
        width: 93,
        height: 15,
      },
      navigateTo: null,
      links: null,
    },
    {
      id: 'saas.webapp',
      parent: 'saas',
      level: 1,
      children: [],
      inEdges: [
        'ps1101',
        'j2qufv',
      ],
      outEdges: [
        '1rj2ap9',
      ],
      title: 'Web app',
      modelRef: 'saas.webapp',
      shape: 'browser',
      color: 'primary',
      style: {
        opacity: 25,
        size: 'md',
      },
      description: {
        txt: '{interface tool moet nog gekozen worden}',
      },
      tags: [
        'ui',
        'warn',
      ],
      kind: 'service',
      navigateTo: 'webappDetail',
      isCustomized: true,
      x: 320,
      y: 375,
      width: 324,
      height: 180,
      labelBBox: {
        x: 22,
        y: 65,
        width: 281,
        height: 47,
      },
      links: null,
    },
    {
      id: 'saas.ingestService',
      parent: 'saas',
      level: 1,
      children: [],
      inEdges: [
        'vrvfpc',
      ],
      outEdges: [
        'uytrmn',
        '11ywh1l',
      ],
      title: 'Ingest service',
      modelRef: 'saas.ingestService',
      shape: 'rectangle',
      color: 'primary',
      style: {
        opacity: 25,
        size: 'md',
      },
      description: {
        txt: 'Binnenkomend data moet gekoppeld worden aan juiste klant',
      },
      tags: [],
      kind: 'service',
      navigateTo: 'ingestDetail',
      isCustomized: true,
      x: 724,
      y: 380,
      width: 367,
      height: 180,
      labelBBox: {
        x: 19,
        y: 56,
        width: 331,
        height: 65,
      },
      links: null,
    },
    {
      id: 'saas.frontendAPI',
      parent: 'saas',
      level: 1,
      children: [],
      inEdges: [
        '1rj2ap9',
      ],
      outEdges: [
        'csiogp',
      ],
      title: 'Frontend API',
      modelRef: 'saas.frontendAPI',
      shape: 'rectangle',
      color: 'primary',
      style: {
        opacity: 25,
        size: 'sm',
      },
      description: {
        txt: 'API die communiceert met de database vanuit de frontend',
      },
      tags: [],
      kind: 'service',
      navigateTo: 'frontendApiDetail',
      isCustomized: true,
      x: 351,
      y: 892,
      width: 273,
      height: 135,
      labelBBox: {
        x: 12,
        y: 40,
        width: 249,
        height: 53,
      },
      links: null,
    },
    {
      id: 'saas.rekenservice',
      parent: 'saas',
      level: 1,
      children: [],
      inEdges: [
        'uytrmn',
      ],
      outEdges: [
        '1edfhuk',
        '1crmqcc',
      ],
      title: 'Reken service',
      modelRef: 'saas.rekenservice',
      shape: 'rectangle',
      color: 'primary',
      style: {
        opacity: 25,
        size: 'md',
      },
      description: {
        txt: 'Berekenen gelijktijdigheid op kwartiersbasis',
      },
      tags: [],
      kind: 'service',
      navigateTo: 'rekenDetail',
      isCustomized: true,
      x: 1220,
      y: 155,
      width: 330,
      height: 180,
      labelBBox: {
        x: 18,
        y: 65,
        width: 294,
        height: 47,
      },
      links: null,
    },
    {
      id: 'saas.MLservice',
      parent: 'saas',
      level: 1,
      children: [],
      inEdges: [
        '1ymtrvx',
        '1crmqcc',
      ],
      outEdges: [
        'r6fxfu',
      ],
      title: 'ML service',
      modelRef: 'saas.MLservice',
      shape: 'rectangle',
      color: 'primary',
      style: {
        opacity: 25,
        size: 'md',
      },
      description: {
        txt: 'Voorspellen en adviseren op basis van gedragspatronen',
      },
      tags: [],
      kind: 'service',
      x: 1723,
      y: 393,
      width: 320,
      height: 180,
      labelBBox: {
        x: 29,
        y: 56,
        width: 262,
        height: 65,
      },
      navigateTo: null,
      links: null,
    },
    {
      id: 'saas.backendAPI',
      parent: 'saas',
      level: 1,
      children: [],
      inEdges: [
        '11ywh1l',
        '1edfhuk',
        'r6fxfu',
      ],
      outEdges: [
        '1g6dk2b',
      ],
      title: 'Backend API',
      modelRef: 'saas.backendAPI',
      shape: 'rectangle',
      color: 'primary',
      style: {
        opacity: 25,
        size: 'sm',
      },
      description: {
        txt: 'API die communiceert met de database vanuit de backend',
      },
      tags: [],
      kind: 'service',
      navigateTo: 'backendApiDetail',
      isCustomized: true,
      x: 1241,
      y: 1062,
      width: 273,
      height: 135,
      labelBBox: {
        x: 12,
        y: 40,
        width: 249,
        height: 53,
      },
      links: null,
    },
    {
      id: 'saas.database',
      parent: 'saas',
      level: 1,
      children: [],
      inEdges: [
        '1g6dk2b',
        'csiogp',
      ],
      outEdges: [],
      title: 'Database',
      modelRef: 'saas.database',
      shape: 'storage',
      color: 'primary',
      style: {
        opacity: 25,
        size: 'md',
      },
      description: {
        txt: 'Meetdata per deelnemer, koppeltabel, voorspellings en adviezen',
      },
      tags: [],
      kind: 'service',
      navigateTo: 'databaseDetail',
      isCustomized: true,
      x: 777,
      y: 1235,
      width: 320,
      height: 180,
      labelBBox: {
        x: 32,
        y: 56,
        width: 257,
        height: 65,
      },
      links: null,
    },
  ],
  edges: [
    {
      id: 'ps1101',
      source: 'customer',
      target: 'saas.webapp',
      label: 'opens in browser',
      points: [
        [
          199,
          43,
        ],
        [
          258,
          129,
        ],
        [
          335,
          246,
        ],
        [
          395,
          332,
        ],
      ],
      labelBBox: {
        x: 279,
        y: 160,
        width: 111,
        height: 18,
      },
      parent: null,
      relations: [
        '1kbcgzi',
      ],
      color: 'gray',
      line: 'dashed',
      head: 'normal',
      isLabelCustomized: false,
      controlPoints: [
        {
          x: 279,
          y: 160,
        },
        {
          x: 326,
          y: 232,
        },
      ],
      navigateTo: null,
      tags: null,
    },
    {
      id: 'j2qufv',
      source: 'beheerder',
      target: 'saas.webapp',
      label: 'Inzien en beheren software via',
      points: [
        [
          493,
          44,
        ],
        [
          490,
          127,
        ],
        [
          486,
          240,
        ],
        [
          483,
          328,
        ],
      ],
      labelBBox: {
        x: 492,
        y: 160,
        width: 195,
        height: 18,
      },
      parent: null,
      relations: [
        '69ubpy',
      ],
      color: 'gray',
      line: 'dashed',
      head: 'normal',
      isLabelCustomized: false,
      controlPoints: [
        {
          x: 492,
          y: 160,
        },
        {
          x: 489,
          y: 232,
        },
      ],
      navigateTo: null,
      tags: null,
    },
    {
      id: 'vrvfpc',
      source: 'meterdata',
      target: 'saas.ingestService',
      label: 'Geeft meterdata aan oplossing',
      points: [
        [
          919,
          39,
        ],
        [
          916,
          126,
        ],
        [
          912,
          241,
        ],
        [
          909,
          329,
        ],
      ],
      labelBBox: {
        x: 918,
        y: 159,
        width: 195,
        height: 18,
      },
      parent: null,
      relations: [
        '1bkfe7t',
      ],
      color: 'gray',
      line: 'dashed',
      head: 'normal',
      isLabelCustomized: false,
      controlPoints: [
        {
          x: 918,
          y: 159,
        },
        {
          x: 916,
          y: 232,
        },
      ],
      navigateTo: null,
      tags: null,
    },
    {
      id: '1ymtrvx',
      source: 'weerdata',
      target: 'saas.MLservice',
      label: 'Geeft weerdata aan oplossing',
      points: [
        [
          1872,
          -12,
        ],
        [
          1869,
          15,
        ],
        [
          1868,
          52,
        ],
        [
          1868,
          84,
        ],
        [
          1866,
          158,
        ],
        [
          1871,
          295,
        ],
        [
          1876,
          384,
        ],
      ],
      labelBBox: {
        x: 1881,
        y: 174,
        width: 190,
        height: 18,
      },
      parent: null,
      relations: [
        'a9rqu',
      ],
      color: 'gray',
      line: 'dashed',
      head: 'normal',
      isLabelCustomized: false,
      controlPoints: [
        {
          x: 1881,
          y: 174,
        },
        {
          x: 1881,
          y: 247,
        },
      ],
      navigateTo: null,
      tags: null,
    },
    {
      id: '1rj2ap9',
      source: 'saas.webapp',
      target: 'saas.frontendAPI',
      label: 'Leest data vanuit database',
      points: [
        [
          468,
          503,
        ],
        [
          449,
          574,
        ],
        [
          415,
          725,
        ],
        [
          444,
          844,
        ],
        [
          451,
          873,
        ],
        [
          463,
          906,
        ],
        [
          473,
          928,
        ],
      ],
      labelBBox: {
        x: 485,
        y: 690,
        width: 172,
        height: 18,
      },
      parent: 'saas',
      relations: [
        '1svp3sl',
        '5g6thj',
        '1ny4s6l',
      ],
      color: 'gray',
      line: 'dashed',
      head: 'normal',
      isLabelCustomized: false,
      controlPoints: [
        {
          x: 485,
          y: 690,
        },
        {
          x: 486,
          y: 758,
        },
      ],
      navigateTo: null,
      tags: null,
    },
    {
      id: 'uytrmn',
      source: 'saas.ingestService',
      target: 'saas.rekenservice',
      label: 'meldt dat er nieuwe data is ingelezen',
      points: [
        [
          1048,
          388,
        ],
        [
          1090,
          365,
        ],
        [
          1138,
          340,
        ],
        [
          1178,
          321,
        ],
        [
          1222,
          301,
        ],
        [
          1264,
          284,
        ],
        [
          1296,
          272,
        ],
      ],
      labelBBox: {
        x: 1143,
        y: 359,
        width: 235,
        height: 18,
      },
      parent: 'saas',
      relations: [
        '1h2rr79',
      ],
      color: 'gray',
      line: 'dashed',
      head: 'normal',
      isLabelCustomized: false,
      controlPoints: [
        {
          x: 1143,
          y: 359,
        },
        {
          x: 1169,
          y: 347,
        },
      ],
      navigateTo: null,
      tags: null,
    },
    {
      id: '11ywh1l',
      source: 'saas.ingestService',
      target: 'saas.backendAPI',
      label: 'Schrijven van data naar database',
      points: [
        [
          988,
          512,
        ],
        [
          1013,
          528,
        ],
        [
          1043,
          546,
        ],
        [
          1065,
          564,
        ],
        [
          1262,
          722,
        ],
        [
          1345,
          782,
        ],
        [
          1408,
          950,
        ],
        [
          1426,
          1000,
        ],
        [
          1414,
          1048,
        ],
        [
          1402,
          1081,
        ],
      ],
      labelBBox: {
        x: 1115,
        y: 761,
        width: 213,
        height: 18,
      },
      parent: 'saas',
      relations: [
        'rxedf8',
        '1h3yedy',
      ],
      color: 'gray',
      line: 'dashed',
      head: 'normal',
      isLabelCustomized: false,
      controlPoints: [
        {
          x: 1115,
          y: 761,
        },
        {
          x: 1187,
          y: 862,
        },
      ],
      navigateTo: null,
      tags: null,
    },
    {
      id: '1g6dk2b',
      source: 'saas.backendAPI',
      target: 'saas.database',
      label: 'Lezen en schrijven naar database vanuit \nbackend',
      points: [
        [
          1300,
          1162,
        ],
        [
          1231,
          1192,
        ],
        [
          1125,
          1239,
        ],
        [
          1044,
          1274,
        ],
      ],
      labelBBox: {
        x: 1184,
        y: 1216,
        width: 255,
        height: 35,
      },
      parent: 'saas',
      relations: [
        '3sqj65',
        'fanglt',
      ],
      color: 'gray',
      line: 'dashed',
      head: 'normal',
      isLabelCustomized: false,
      controlPoints: [
        {
          x: 1184,
          y: 1216,
        },
        {
          x: 1155,
          y: 1229,
        },
      ],
      navigateTo: null,
      tags: null,
    },
    {
      id: 'csiogp',
      source: 'saas.frontendAPI',
      target: 'saas.database',
      label: 'Lezen en schrijven naar database vanuit \nfrontend',
      points: [
        [
          561,
          1020,
        ],
        [
          633,
          1080,
        ],
        [
          746,
          1170,
        ],
        [
          826,
          1235,
        ],
      ],
      labelBBox: {
        x: 673,
        y: 1111,
        width: 255,
        height: 35,
      },
      parent: 'saas',
      relations: [
        '1vfk8me',
        'tbj02i',
      ],
      color: 'gray',
      line: 'dashed',
      head: 'normal',
      isLabelCustomized: false,
      controlPoints: [
        {
          x: 673,
          y: 1111,
        },
        {
          x: 724,
          y: 1152,
        },
      ],
      navigateTo: null,
      tags: null,
    },
    {
      id: '1edfhuk',
      source: 'saas.rekenservice',
      target: 'saas.backendAPI',
      label: 'Leest data van database om \ngelijktijdigheid te berekenen en \nschrijft deze terug naar database',
      points: [
        [
          1410,
          341,
        ],
        [
          1418,
          371,
        ],
        [
          1425,
          415,
        ],
        [
          1429,
          452,
        ],
        [
          1447,
          658,
        ],
        [
          1441,
          716,
        ],
        [
          1407,
          935,
        ],
        [
          1401,
          970,
        ],
        [
          1397,
          1004,
        ],
        [
          1389,
          1035,
        ],
      ],
      labelBBox: {
        x: 1382,
        y: 626,
        width: 208,
        height: 52,
      },
      parent: 'saas',
      relations: [
        '2lus7j',
        'qodt53',
      ],
      color: 'gray',
      line: 'dashed',
      head: 'normal',
      isLabelCustomized: false,
      controlPoints: [
        {
          x: 1382,
          y: 626,
        },
        {
          x: 1381,
          y: 772,
        },
      ],
      navigateTo: null,
      tags: null,
    },
    {
      id: '1crmqcc',
      source: 'saas.rekenservice',
      target: 'saas.MLservice',
      label: 'meldt dat er nieuwe data is berekend',
      points: [
        [
          1496,
          296,
        ],
        [
          1574,
          333,
        ],
        [
          1684,
          386,
        ],
        [
          1764,
          424,
        ],
      ],
      labelBBox: {
        x: 1619,
        y: 357,
        width: 234,
        height: 18,
      },
      parent: 'saas',
      relations: [
        '1ap684g',
      ],
      color: 'gray',
      line: 'dashed',
      head: 'normal',
      isLabelCustomized: false,
      controlPoints: [
        {
          x: 1619,
          y: 357,
        },
        {
          x: 1654,
          y: 373,
        },
      ],
      navigateTo: null,
      tags: null,
    },
    {
      id: 'r6fxfu',
      source: 'saas.MLservice',
      target: 'saas.backendAPI',
      label: 'Lezen van data van database',
      points: [
        [
          1759,
          632,
        ],
        [
          1671,
          745,
        ],
        [
          1552,
          898,
        ],
        [
          1470,
          1002,
        ],
      ],
      labelBBox: {
        x: 1660,
        y: 769,
        width: 188,
        height: 18,
      },
      parent: 'saas',
      relations: [
        '1ljnck6',
      ],
      color: 'gray',
      line: 'dashed',
      head: 'normal',
      isLabelCustomized: false,
      controlPoints: [
        {
          x: 1660,
          y: 769,
        },
        {
          x: 1584,
          y: 867,
        },
      ],
      navigateTo: null,
      tags: null,
    },
  ],
  _layout: 'manual',
}
