{
  "_type": "element",
  "tags": null,
  "links": null,
  "viewOf": "ses.backendAPI",
  "_stage": "layouted",
  "sourcePath": "ses_v0.1_en.c4",
  "description": null,
  "title": "3.5 - Backend API",
  "id": "backendApiDetail",
  "autoLayout": {
    "direction": "TB"
  },
  "hash": "5_RQckeRDcxDdjoSY36AhLospcUioRLFyq-64-cqUAI",
  "bounds": {
    "x": 0,
    "y": 0,
    "width": 1154,
    "height": 1447
  },
  "nodes": [
    {
      "id": "ses.ingestService",
      "parent": null,
      "level": 0,
      "children": [],
      "inEdges": [],
      "outEdges": [
        "16u8qzz"
      ],
      "title": "Ingest service",
      "modelRef": "ses.ingestService",
      "shape": "rectangle",
      "color": "primary",
      "style": {
        "opacity": 15,
        "size": "md"
      },
      "description": {
        "txt": "Imports meter data and links every meter to the right participant"
      },
      "tags": [],
      "kind": "container",
      "navigateTo": "ingestDetail",
      "x": 465,
      "y": 0,
      "width": 329,
      "height": 180,
      "labelBBox": {
        "x": 18,
        "y": 56,
        "width": 293,
        "height": 65
      }
    },
    {
      "id": "ses.calculationService",
      "parent": null,
      "level": 0,
      "children": [],
      "inEdges": [],
      "outEdges": [
        "1sqyjic"
      ],
      "title": "Calculation service",
      "modelRef": "ses.calculationService",
      "shape": "rectangle",
      "color": "primary",
      "style": {
        "opacity": 15,
        "size": "md"
      },
      "description": {
        "txt": "Calculates simultaneity per quarter hour"
      },
      "tags": [],
      "kind": "container",
      "navigateTo": "calculationDetail",
      "x": 834,
      "y": 0,
      "width": 320,
      "height": 180,
      "labelBBox": {
        "x": 25,
        "y": 65,
        "width": 269,
        "height": 47
      }
    },
    {
      "id": "ses.mlService",
      "parent": null,
      "level": 0,
      "children": [],
      "inEdges": [],
      "outEdges": [
        "1lsh05o"
      ],
      "title": "ML service",
      "modelRef": "ses.mlService",
      "shape": "rectangle",
      "color": "primary",
      "style": {
        "opacity": 15,
        "size": "md"
      },
      "description": {
        "txt": "Forecasts generation and consumption and generates personal advice"
      },
      "tags": [],
      "kind": "container",
      "navigateTo": "mlDetail",
      "x": 97,
      "y": 0,
      "width": 328,
      "height": 180,
      "labelBBox": {
        "x": 17,
        "y": 56,
        "width": 293,
        "height": 65
      }
    },
    {
      "id": "ses.backendAPI",
      "parent": null,
      "level": 0,
      "children": [
        "ses.backendAPI.apiEndpoints",
        "ses.backendAPI.authentication",
        "ses.backendAPI.queryBuilder",
        "ses.backendAPI.queryExecutor"
      ],
      "inEdges": [
        "16u8qzz",
        "1sqyjic",
        "1lsh05o"
      ],
      "outEdges": [
        "18plus0"
      ],
      "title": "Backend API",
      "modelRef": "ses.backendAPI",
      "shape": "rectangle",
      "color": "primary",
      "style": {
        "opacity": 15,
        "size": "sm"
      },
      "description": {
        "txt": "API between the backend services and the database"
      },
      "tags": [],
      "kind": "container",
      "depth": 1,
      "x": 0,
      "y": 320,
      "width": 790,
      "height": 807,
      "labelBBox": {
        "x": 6,
        "y": 0,
        "width": 80,
        "height": 15
      }
    },
    {
      "id": "ses.backendAPI.apiEndpoints",
      "parent": "ses.backendAPI",
      "level": 1,
      "children": [],
      "inEdges": [
        "16u8qzz",
        "1sqyjic",
        "1lsh05o"
      ],
      "outEdges": [
        "5ze5mq",
        "lg18p5"
      ],
      "title": "API endpoints",
      "modelRef": "ses.backendAPI.apiEndpoints",
      "shape": "rectangle",
      "color": "primary",
      "style": {
        "opacity": 15,
        "size": "md"
      },
      "description": {
        "txt": "Receives requests, routes them and returns the result"
      },
      "tags": [],
      "kind": "component",
      "x": 416,
      "y": 381,
      "width": 331,
      "height": 180,
      "labelBBox": {
        "x": 18,
        "y": 56,
        "width": 295,
        "height": 65
      }
    },
    {
      "id": "ses.backendAPI.authentication",
      "parent": "ses.backendAPI",
      "level": 1,
      "children": [],
      "inEdges": [
        "5ze5mq"
      ],
      "outEdges": [],
      "title": "Authentication",
      "modelRef": "ses.backendAPI.authentication",
      "shape": "rectangle",
      "color": "primary",
      "style": {
        "opacity": 15,
        "size": "md"
      },
      "description": {
        "txt": "Checks which service makes the request and whether it is allowed"
      },
      "tags": [],
      "kind": "component",
      "x": 40,
      "y": 644,
      "width": 341,
      "height": 180,
      "labelBBox": {
        "x": 18,
        "y": 56,
        "width": 305,
        "height": 65
      }
    },
    {
      "id": "ses.backendAPI.queryBuilder",
      "parent": "ses.backendAPI",
      "level": 1,
      "children": [],
      "inEdges": [
        "lg18p5"
      ],
      "outEdges": [
        "1jrcx70"
      ],
      "title": "Query builder",
      "modelRef": "ses.backendAPI.queryBuilder",
      "shape": "rectangle",
      "color": "primary",
      "style": {
        "opacity": 15,
        "size": "md"
      },
      "description": {
        "txt": "Translates a request into a valid database query"
      },
      "tags": [],
      "kind": "component",
      "x": 422,
      "y": 644,
      "width": 320,
      "height": 180,
      "labelBBox": {
        "x": 18,
        "y": 56,
        "width": 283,
        "height": 65
      }
    },
    {
      "id": "ses.backendAPI.queryExecutor",
      "parent": "ses.backendAPI",
      "level": 1,
      "children": [],
      "inEdges": [
        "1jrcx70"
      ],
      "outEdges": [
        "18plus0"
      ],
      "title": "Query executor",
      "modelRef": "ses.backendAPI.queryExecutor",
      "shape": "rectangle",
      "color": "primary",
      "style": {
        "opacity": 15,
        "size": "md"
      },
      "description": {
        "txt": "Sends the query to the database and returns the result"
      },
      "tags": [],
      "kind": "component",
      "x": 414,
      "y": 907,
      "width": 336,
      "height": 180,
      "labelBBox": {
        "x": 17,
        "y": 56,
        "width": 301,
        "height": 65
      }
    },
    {
      "id": "ses.database",
      "parent": null,
      "level": 0,
      "children": [],
      "inEdges": [
        "18plus0"
      ],
      "outEdges": [],
      "title": "Database",
      "modelRef": "ses.database",
      "shape": "storage",
      "color": "primary",
      "style": {
        "opacity": 15,
        "size": "md"
      },
      "description": {
        "txt": "PostgreSQL with TimescaleDB for readings, links, forecasts and advice"
      },
      "tags": [],
      "kind": "container",
      "navigateTo": "databaseDetail",
      "x": 264,
      "y": 1267,
      "width": 333,
      "height": 180,
      "labelBBox": {
        "x": 18,
        "y": 56,
        "width": 297,
        "height": 65
      }
    }
  ],
  "edges": [
    {
      "id": "16u8qzz",
      "source": "ses.ingestService",
      "target": "ses.backendAPI.apiEndpoints",
      "label": "reads meter links, writes readings and \nimport records",
      "points": [
        [
          618,
          180
        ],
        [
          610,
          247
        ],
        [
          601,
          314
        ],
        [
          593,
          381
        ]
      ],
      "labelBBox": {
        "x": 612,
        "y": 272,
        "width": 378,
        "height": 18
      },
      "parent": null,
      "relations": [
        "1k4nt50"
      ],
      "color": "gray",
      "line": "dashed",
      "head": "normal",
      "tags": [
        "level3"
      ]
    },
    {
      "id": "1sqyjic",
      "source": "ses.calculationService",
      "target": "ses.backendAPI.apiEndpoints",
      "label": "reads readings, writes simultaneity",
      "points": [
        [
          897,
          180
        ],
        [
          824,
          247
        ],
        [
          751,
          314
        ],
        [
          679,
          381
        ]
      ],
      "labelBBox": {
        "x": 794,
        "y": 272,
        "width": 245,
        "height": 18
      },
      "parent": null,
      "relations": [
        "5rx3p0"
      ],
      "color": "gray",
      "line": "dashed",
      "head": "normal",
      "tags": [
        "level3"
      ]
    },
    {
      "id": "1lsh05o",
      "source": "ses.mlService",
      "target": "ses.backendAPI.apiEndpoints",
      "label": "reads and writes forecasts, advice and \ntraining data",
      "points": [
        [
          337,
          180
        ],
        [
          393,
          247
        ],
        [
          449,
          314
        ],
        [
          506,
          381
        ]
      ],
      "labelBBox": {
        "x": 427,
        "y": 272,
        "width": 371,
        "height": 18
      },
      "parent": null,
      "relations": [
        "1knadft"
      ],
      "color": "gray",
      "line": "dashed",
      "head": "normal",
      "tags": [
        "level3"
      ]
    },
    {
      "id": "5ze5mq",
      "source": "ses.backendAPI.apiEndpoints",
      "target": "ses.backendAPI.authentication",
      "label": "verifies caller and permissions",
      "points": [
        [
          423,
          561
        ],
        [
          408,
          571
        ],
        [
          392,
          581
        ],
        [
          378,
          591
        ],
        [
          358,
          606
        ],
        [
          337,
          622
        ],
        [
          318,
          638
        ]
      ],
      "labelBBox": {
        "x": 379,
        "y": 592,
        "width": 192,
        "height": 18
      },
      "parent": "ses.backendAPI",
      "relations": [
        "68sqek"
      ],
      "color": "gray",
      "line": "dashed",
      "head": "normal"
    },
    {
      "id": "lg18p5",
      "source": "ses.backendAPI.apiEndpoints",
      "target": "ses.backendAPI.queryBuilder",
      "label": "passes validated request",
      "points": [
        [
          582,
          561
        ],
        [
          582,
          584
        ],
        [
          582,
          610
        ],
        [
          582,
          634
        ]
      ],
      "labelBBox": {
        "x": 583,
        "y": 592,
        "width": 159,
        "height": 18
      },
      "parent": "ses.backendAPI",
      "relations": [
        "18uqv8m"
      ],
      "color": "gray",
      "line": "dashed",
      "head": "normal"
    },
    {
      "id": "1jrcx70",
      "source": "ses.backendAPI.queryBuilder",
      "target": "ses.backendAPI.queryExecutor",
      "label": "passes query",
      "points": [
        [
          582,
          824
        ],
        [
          582,
          847
        ],
        [
          582,
          873
        ],
        [
          582,
          897
        ]
      ],
      "labelBBox": {
        "x": 583,
        "y": 855,
        "width": 87,
        "height": 18
      },
      "parent": "ses.backendAPI",
      "relations": [
        "1cexlb4"
      ],
      "color": "gray",
      "line": "dashed",
      "head": "normal"
    },
    {
      "id": "18plus0",
      "source": "ses.backendAPI.queryExecutor",
      "target": "ses.database",
      "label": "reads and writes readings, links, \nresults and advice",
      "points": [
        [
          544,
          1087
        ],
        [
          519,
          1147
        ],
        [
          494,
          1207
        ],
        [
          468,
          1267
        ]
      ],
      "labelBBox": {
        "x": 512,
        "y": 1168,
        "width": 371,
        "height": 18
      },
      "parent": null,
      "relations": [
        "1qkq9pk"
      ],
      "color": "gray",
      "line": "dashed",
      "head": "normal",
      "tags": [
        "level3"
      ]
    }
  ]
}
