{
  "_type": "element",
  "tags": null,
  "links": null,
  "viewOf": "ses.calculationService",
  "_stage": "layouted",
  "sourcePath": "ses_v0.1_en.c4",
  "description": null,
  "title": "3.4 - Calculation service",
  "id": "calculationDetail",
  "autoLayout": {
    "direction": "TB"
  },
  "hash": "yY8YA84vr-XnFAiOB1C-oI_4v9zEGId3Bpj2Qf17wdY",
  "bounds": {
    "x": 0,
    "y": 0,
    "width": 897,
    "height": 921
  },
  "nodes": [
    {
      "id": "ses.ingestService",
      "parent": null,
      "level": 0,
      "children": [],
      "inEdges": [],
      "outEdges": [
        "1l0vlsu"
      ],
      "title": "Ingest service",
      "modelRef": "ses.ingestService",
      "shape": "rectangle",
      "color": "primary",
      "style": {
        "opacity": 15,
        "size": "md"
      },
      "description": {
        "txt": "Imports meter data and links every meter to the right participant"
      },
      "tags": [],
      "kind": "container",
      "navigateTo": "ingestDetail",
      "x": 300,
      "y": 0,
      "width": 329,
      "height": 180,
      "labelBBox": {
        "x": 18,
        "y": 56,
        "width": 293,
        "height": 65
      }
    },
    {
      "id": "ses.calculationService",
      "parent": null,
      "level": 0,
      "children": [
        "ses.calculationService.calculationTrigger",
        "ses.calculationService.simultaneityCalculator"
      ],
      "inEdges": [
        "1l0vlsu"
      ],
      "outEdges": [
        "no7pok",
        "wk03j8"
      ],
      "title": "Calculation service",
      "modelRef": "ses.calculationService",
      "shape": "rectangle",
      "color": "primary",
      "style": {
        "opacity": 15,
        "size": "md"
      },
      "description": {
        "txt": "Calculates simultaneity per quarter hour"
      },
      "tags": [],
      "kind": "container",
      "depth": 1,
      "x": 46,
      "y": 320,
      "width": 851,
      "height": 281,
      "labelBBox": {
        "x": 6,
        "y": 0,
        "width": 135,
        "height": 15
      }
    },
    {
      "id": "ses.calculationService.calculationTrigger",
      "parent": "ses.calculationService",
      "level": 1,
      "children": [],
      "inEdges": [
        "1l0vlsu"
      ],
      "outEdges": [
        "cmtwpf"
      ],
      "title": "Calculation trigger",
      "modelRef": "ses.calculationService.calculationTrigger",
      "shape": "rectangle",
      "color": "primary",
      "style": {
        "opacity": 15,
        "size": "sm"
      },
      "description": {
        "txt": "Starts a recalculation for the changed period"
      },
      "tags": [],
      "kind": "component",
      "x": 86,
      "y": 403,
      "width": 263,
      "height": 135,
      "labelBBox": {
        "x": 12,
        "y": 47,
        "width": 239,
        "height": 39
      }
    },
    {
      "id": "ses.calculationService.simultaneityCalculator",
      "parent": "ses.calculationService",
      "level": 1,
      "children": [],
      "inEdges": [
        "cmtwpf"
      ],
      "outEdges": [
        "no7pok",
        "wk03j8"
      ],
      "title": "Simultaneity calculator",
      "modelRef": "ses.calculationService.simultaneityCalculator",
      "shape": "rectangle",
      "color": "primary",
      "style": {
        "opacity": 15,
        "size": "md"
      },
      "description": {
        "txt": "Shared energy = min(surplus, consumption) per quarter hour"
      },
      "tags": [],
      "kind": "component",
      "x": 499,
      "y": 381,
      "width": 357,
      "height": 180,
      "labelBBox": {
        "x": 18,
        "y": 56,
        "width": 321,
        "height": 65
      }
    },
    {
      "id": "ses.backendAPI",
      "parent": null,
      "level": 0,
      "children": [],
      "inEdges": [
        "no7pok"
      ],
      "outEdges": [],
      "title": "Backend API",
      "modelRef": "ses.backendAPI",
      "shape": "rectangle",
      "color": "primary",
      "style": {
        "opacity": 15,
        "size": "sm"
      },
      "description": {
        "txt": "API between the backend services and the database"
      },
      "tags": [],
      "kind": "container",
      "navigateTo": "backendApiDetail",
      "x": 368,
      "y": 741,
      "width": 255,
      "height": 135,
      "labelBBox": {
        "x": 12,
        "y": 40,
        "width": 231,
        "height": 53
      }
    },
    {
      "id": "ses.mlService",
      "parent": null,
      "level": 0,
      "children": [],
      "inEdges": [
        "wk03j8"
      ],
      "outEdges": [],
      "title": "ML service",
      "modelRef": "ses.mlService",
      "shape": "rectangle",
      "color": "primary",
      "style": {
        "opacity": 15,
        "size": "md"
      },
      "description": {
        "txt": "Forecasts generation and consumption and generates personal advice"
      },
      "tags": [],
      "kind": "container",
      "navigateTo": "mlDetail",
      "x": 0,
      "y": 741,
      "width": 328,
      "height": 180,
      "labelBBox": {
        "x": 18,
        "y": 56,
        "width": 293,
        "height": 65
      }
    }
  ],
  "edges": [
    {
      "id": "1l0vlsu",
      "source": "ses.ingestService",
      "target": "ses.calculationService.calculationTrigger",
      "label": "reports new data",
      "points": [
        [
          406,
          180
        ],
        [
          358,
          254
        ],
        [
          310,
          329
        ],
        [
          261,
          403
        ]
      ],
      "labelBBox": {
        "x": 340,
        "y": 282,
        "width": 112,
        "height": 18
      },
      "parent": null,
      "relations": [
        "1mjd8fk"
      ],
      "color": "gray",
      "line": "dashed",
      "head": "normal",
      "tags": [
        "level3"
      ]
    },
    {
      "id": "cmtwpf",
      "source": "ses.calculationService.calculationTrigger",
      "target": "ses.calculationService.simultaneityCalculator",
      "label": "starts calculation",
      "points": [
        [
          349,
          471
        ],
        [
          393,
          471
        ],
        [
          442,
          471
        ],
        [
          489,
          471
        ]
      ],
      "labelBBox": {
        "x": 370,
        "y": 446,
        "width": 108,
        "height": 18
      },
      "parent": "ses.calculationService",
      "relations": [
        "v7tohp"
      ],
      "color": "gray",
      "line": "dashed",
      "head": "normal"
    },
    {
      "id": "no7pok",
      "source": "ses.calculationService.simultaneityCalculator",
      "target": "ses.backendAPI",
      "label": "reads readings, writes simultaneity",
      "points": [
        [
          629,
          561
        ],
        [
          597,
          621
        ],
        [
          564,
          681
        ],
        [
          532,
          741
        ]
      ],
      "labelBBox": {
        "x": 586,
        "y": 642,
        "width": 245,
        "height": 18
      },
      "parent": null,
      "relations": [
        "5rx3p0"
      ],
      "color": "gray",
      "line": "dashed",
      "head": "normal",
      "tags": [
        "level3"
      ]
    },
    {
      "id": "wk03j8",
      "source": "ses.calculationService.simultaneityCalculator",
      "target": "ses.mlService",
      "label": "reports new results",
      "points": [
        [
          549,
          561
        ],
        [
          464,
          621
        ],
        [
          378,
          681
        ],
        [
          292,
          741
        ]
      ],
      "labelBBox": {
        "x": 427,
        "y": 642,
        "width": 133,
        "height": 18
      },
      "parent": null,
      "relations": [
        "5nah6o"
      ],
      "color": "gray",
      "line": "dashed",
      "head": "normal",
      "tags": [
        "level3"
      ]
    }
  ]
}
