{
  "_type": "element",
  "tags": null,
  "links": null,
  "viewOf": "ses.database",
  "_stage": "layouted",
  "sourcePath": "ses_v0.1_en.c4",
  "description": null,
  "title": "3.3 - Database",
  "id": "databaseDetail",
  "autoLayout": {
    "direction": "TB"
  },
  "hash": "dOf18xJQLuINlqMHJrBxqnELbC4-2Z5z5mCn8i55nSc",
  "bounds": {
    "x": 0,
    "y": 0,
    "width": 2634,
    "height": 774
  },
  "nodes": [
    {
      "id": "ses.frontendAPI",
      "parent": null,
      "level": 0,
      "children": [],
      "inEdges": [],
      "outEdges": [
        "j2fdo"
      ],
      "title": "Frontend API",
      "modelRef": "ses.frontendAPI",
      "shape": "rectangle",
      "color": "primary",
      "style": {
        "opacity": 15,
        "size": "sm"
      },
      "description": {
        "txt": "Single entry point for the web app: database queries and data uploads"
      },
      "tags": [],
      "kind": "container",
      "navigateTo": "frontendApiDetail",
      "x": 449,
      "y": 0,
      "width": 262,
      "height": 135,
      "labelBBox": {
        "x": 12,
        "y": 40,
        "width": 239,
        "height": 53
      }
    },
    {
      "id": "ses.backendAPI",
      "parent": null,
      "level": 0,
      "children": [],
      "inEdges": [],
      "outEdges": [
        "1eh3muu"
      ],
      "title": "Backend API",
      "modelRef": "ses.backendAPI",
      "shape": "rectangle",
      "color": "primary",
      "style": {
        "opacity": 15,
        "size": "sm"
      },
      "description": {
        "txt": "API between the backend services and the database"
      },
      "tags": [],
      "kind": "container",
      "navigateTo": "backendApiDetail",
      "x": 1154,
      "y": 0,
      "width": 255,
      "height": 135,
      "labelBBox": {
        "x": 12,
        "y": 40,
        "width": 231,
        "height": 53
      }
    },
    {
      "id": "ses.database",
      "parent": null,
      "level": 0,
      "children": [
        "ses.database.sqlInterface",
        "ses.database.readings",
        "ses.database.meterLinks",
        "ses.database.participants",
        "ses.database.simultaneity",
        "ses.database.forecasts",
        "ses.database.advice",
        "ses.database.importLog"
      ],
      "inEdges": [
        "j2fdo",
        "1eh3muu"
      ],
      "outEdges": [],
      "title": "Database",
      "modelRef": "ses.database",
      "shape": "storage",
      "color": "primary",
      "style": {
        "opacity": 15,
        "size": "md"
      },
      "description": {
        "txt": "PostgreSQL with TimescaleDB for readings, links, forecasts and advice"
      },
      "tags": [],
      "kind": "container",
      "depth": 1,
      "x": 0,
      "y": 275,
      "width": 2634,
      "height": 499,
      "labelBBox": {
        "x": 6,
        "y": 0,
        "width": 65,
        "height": 15
      }
    },
    {
      "id": "ses.database.sqlInterface",
      "parent": "ses.database",
      "level": 1,
      "children": [],
      "inEdges": [
        "j2fdo",
        "1eh3muu"
      ],
      "outEdges": [
        "1kpimjk",
        "12ljwpl",
        "1na923x",
        "1rki5lh",
        "b080tl",
        "xu7pgd",
        "6bxtso"
      ],
      "title": "SQL interface",
      "modelRef": "ses.database.sqlInterface",
      "shape": "rectangle",
      "color": "primary",
      "style": {
        "opacity": 15,
        "size": "sm"
      },
      "description": {
        "txt": "PostgreSQL endpoint with a separate role per API; the frontend role only sees participant data"
      },
      "tags": [],
      "kind": "component",
      "x": 1174,
      "y": 335,
      "width": 271,
      "height": 135,
      "labelBBox": {
        "x": 12,
        "y": 33,
        "width": 247,
        "height": 68
      }
    },
    {
      "id": "ses.database.readings",
      "parent": "ses.database",
      "level": 1,
      "children": [],
      "inEdges": [
        "1kpimjk"
      ],
      "outEdges": [],
      "title": "readings",
      "modelRef": "ses.database.readings",
      "shape": "storage",
      "color": "primary",
      "style": {
        "opacity": 15,
        "size": "md"
      },
      "description": {
        "txt": "Hypertable with meter_id, UTC timestamp, to_grid, from_grid, created_at and import_id"
      },
      "tags": [],
      "kind": "component",
      "x": 40,
      "y": 554,
      "width": 331,
      "height": 180,
      "labelBBox": {
        "x": 18,
        "y": 56,
        "width": 296,
        "height": 65
      }
    },
    {
      "id": "ses.database.meterLinks",
      "parent": "ses.database",
      "level": 1,
      "children": [],
      "inEdges": [
        "12ljwpl"
      ],
      "outEdges": [],
      "title": "meter_links",
      "modelRef": "ses.database.meterLinks",
      "shape": "storage",
      "color": "primary",
      "style": {
        "opacity": 15,
        "size": "md"
      },
      "description": {
        "txt": "Links meter_id to participant_id"
      },
      "tags": [],
      "kind": "component",
      "x": 412,
      "y": 554,
      "width": 320,
      "height": 180,
      "labelBBox": {
        "x": 54,
        "y": 65,
        "width": 212,
        "height": 47
      }
    },
    {
      "id": "ses.database.participants",
      "parent": "ses.database",
      "level": 1,
      "children": [],
      "inEdges": [
        "1na923x"
      ],
      "outEdges": [],
      "title": "participants",
      "modelRef": "ses.database.participants",
      "shape": "storage",
      "color": "primary",
      "style": {
        "opacity": 15,
        "size": "md"
      },
      "description": {
        "txt": "Pseudonym, connection type, comfort limits and appliances"
      },
      "tags": [],
      "kind": "component",
      "x": 772,
      "y": 554,
      "width": 329,
      "height": 180,
      "labelBBox": {
        "x": 18,
        "y": 56,
        "width": 293,
        "height": 65
      }
    },
    {
      "id": "ses.database.simultaneity",
      "parent": "ses.database",
      "level": 1,
      "children": [],
      "inEdges": [
        "1rki5lh"
      ],
      "outEdges": [],
      "title": "simultaneity",
      "modelRef": "ses.database.simultaneity",
      "shape": "storage",
      "color": "primary",
      "style": {
        "opacity": 15,
        "size": "md"
      },
      "description": {
        "txt": "Shared kWh per quarter hour and participant"
      },
      "tags": [],
      "kind": "component",
      "x": 1142,
      "y": 554,
      "width": 336,
      "height": 180,
      "labelBBox": {
        "x": 17,
        "y": 65,
        "width": 301,
        "height": 47
      }
    },
    {
      "id": "ses.database.forecasts",
      "parent": "ses.database",
      "level": 1,
      "children": [],
      "inEdges": [
        "b080tl"
      ],
      "outEdges": [],
      "title": "forecasts",
      "modelRef": "ses.database.forecasts",
      "shape": "storage",
      "color": "primary",
      "style": {
        "opacity": 15,
        "size": "md"
      },
      "description": {
        "txt": "Forecast generation and consumption per quarter hour"
      },
      "tags": [],
      "kind": "component",
      "x": 1518,
      "y": 554,
      "width": 320,
      "height": 180,
      "labelBBox": {
        "x": 19,
        "y": 56,
        "width": 282,
        "height": 65
      }
    },
    {
      "id": "ses.database.advice",
      "parent": "ses.database",
      "level": 1,
      "children": [],
      "inEdges": [
        "xu7pgd"
      ],
      "outEdges": [],
      "title": "advice",
      "modelRef": "ses.database.advice",
      "shape": "storage",
      "color": "primary",
      "style": {
        "opacity": 15,
        "size": "md"
      },
      "description": {
        "txt": "Given advice, feedback and measured effect"
      },
      "tags": [],
      "kind": "component",
      "x": 1878,
      "y": 554,
      "width": 336,
      "height": 180,
      "labelBBox": {
        "x": 17,
        "y": 65,
        "width": 301,
        "height": 47
      }
    },
    {
      "id": "ses.database.importLog",
      "parent": "ses.database",
      "level": 1,
      "children": [],
      "inEdges": [
        "6bxtso"
      ],
      "outEdges": [],
      "title": "import_log",
      "modelRef": "ses.database.importLog",
      "shape": "storage",
      "color": "primary",
      "style": {
        "opacity": 15,
        "size": "md"
      },
      "description": {
        "txt": "File, hash, period, row count and new meters per import"
      },
      "tags": [],
      "kind": "component",
      "x": 2254,
      "y": 554,
      "width": 339,
      "height": 180,
      "labelBBox": {
        "x": 18,
        "y": 56,
        "width": 303,
        "height": 65
      }
    }
  ],
  "edges": [
    {
      "id": "j2fdo",
      "source": "ses.frontendAPI",
      "target": "ses.database.sqlInterface",
      "label": "reads participant data, writes settings \nand feedback",
      "points": [
        [
          711,
          128
        ],
        [
          865,
          199
        ],
        [
          1020,
          269
        ],
        [
          1174,
          340
        ]
      ],
      "labelBBox": {
        "x": 948,
        "y": 225,
        "width": 371,
        "height": 18
      },
      "parent": null,
      "relations": [
        "1gzlo2p"
      ],
      "color": "gray",
      "line": "dashed",
      "head": "normal",
      "tags": [
        "level3"
      ]
    },
    {
      "id": "1eh3muu",
      "source": "ses.backendAPI",
      "target": "ses.database.sqlInterface",
      "label": "reads and writes readings, links, \nresults and advice",
      "points": [
        [
          1287,
          135
        ],
        [
          1293,
          202
        ],
        [
          1298,
          268
        ],
        [
          1304,
          335
        ]
      ],
      "labelBBox": {
        "x": 1302,
        "y": 226,
        "width": 371,
        "height": 18
      },
      "parent": null,
      "relations": [
        "1qkq9pk"
      ],
      "color": "gray",
      "line": "dashed",
      "head": "normal",
      "tags": [
        "level3"
      ]
    },
    {
      "id": "1kpimjk",
      "source": "ses.database.sqlInterface",
      "target": "ses.database.readings",
      "label": "stores and queries",
      "points": [
        [
          1174,
          414
        ],
        [
          993,
          430
        ],
        [
          662,
          468
        ],
        [
          392,
          554
        ],
        [
          389,
          555
        ],
        [
          386,
          556
        ],
        [
          382,
          557
        ]
      ],
      "labelBBox": {
        "x": 589,
        "y": 502,
        "width": 119,
        "height": 18
      },
      "parent": "ses.database",
      "relations": [
        "16sydvq"
      ],
      "color": "gray",
      "line": "dashed",
      "head": "normal"
    },
    {
      "id": "12ljwpl",
      "source": "ses.database.sqlInterface",
      "target": "ses.database.meterLinks",
      "label": "stores and queries",
      "points": [
        [
          1174,
          433
        ],
        [
          1060,
          458
        ],
        [
          892,
          501
        ],
        [
          752,
          554
        ],
        [
          748,
          555
        ],
        [
          745,
          556
        ],
        [
          742,
          557
        ]
      ],
      "labelBBox": {
        "x": 903,
        "y": 502,
        "width": 119,
        "height": 18
      },
      "parent": "ses.database",
      "relations": [
        "ehxj26"
      ],
      "color": "gray",
      "line": "dashed",
      "head": "normal"
    },
    {
      "id": "1na923x",
      "source": "ses.database.sqlInterface",
      "target": "ses.database.participants",
      "label": "stores and queries",
      "points": [
        [
          1206,
          471
        ],
        [
          1167,
          496
        ],
        [
          1121,
          525
        ],
        [
          1079,
          551
        ]
      ],
      "labelBBox": {
        "x": 1158,
        "y": 502,
        "width": 119,
        "height": 18
      },
      "parent": "ses.database",
      "relations": [
        "sfo3pu"
      ],
      "color": "gray",
      "line": "dashed",
      "head": "normal"
    },
    {
      "id": "1rki5lh",
      "source": "ses.database.sqlInterface",
      "target": "ses.database.simultaneity",
      "label": "stores and queries",
      "points": [
        [
          1310,
          471
        ],
        [
          1310,
          493
        ],
        [
          1310,
          518
        ],
        [
          1310,
          543
        ]
      ],
      "labelBBox": {
        "x": 1311,
        "y": 502,
        "width": 119,
        "height": 18
      },
      "parent": "ses.database",
      "relations": [
        "18egbv"
      ],
      "color": "gray",
      "line": "dashed",
      "head": "normal"
    },
    {
      "id": "b080tl",
      "source": "ses.database.sqlInterface",
      "target": "ses.database.forecasts",
      "label": "stores and queries",
      "points": [
        [
          1412,
          471
        ],
        [
          1451,
          496
        ],
        [
          1495,
          525
        ],
        [
          1537,
          551
        ]
      ],
      "labelBBox": {
        "x": 1495,
        "y": 502,
        "width": 119,
        "height": 18
      },
      "parent": "ses.database",
      "relations": [
        "14g1xis"
      ],
      "color": "gray",
      "line": "dashed",
      "head": "normal"
    },
    {
      "id": "xu7pgd",
      "source": "ses.database.sqlInterface",
      "target": "ses.database.advice",
      "label": "stores and queries",
      "points": [
        [
          1445,
          434
        ],
        [
          1557,
          461
        ],
        [
          1720,
          503
        ],
        [
          1858,
          554
        ],
        [
          1861,
          555
        ],
        [
          1864,
          556
        ],
        [
          1867,
          557
        ]
      ],
      "labelBBox": {
        "x": 1771,
        "y": 502,
        "width": 119,
        "height": 18
      },
      "parent": "ses.database",
      "relations": [
        "sq84td"
      ],
      "color": "gray",
      "line": "dashed",
      "head": "normal"
    },
    {
      "id": "6bxtso",
      "source": "ses.database.sqlInterface",
      "target": "ses.database.importLog",
      "label": "stores and queries",
      "points": [
        [
          1445,
          414
        ],
        [
          1628,
          431
        ],
        [
          1961,
          470
        ],
        [
          2234,
          554
        ],
        [
          2237,
          555
        ],
        [
          2240,
          556
        ],
        [
          2243,
          557
        ]
      ],
      "labelBBox": {
        "x": 2112,
        "y": 502,
        "width": 119,
        "height": 18
      },
      "parent": "ses.database",
      "relations": [
        "13zdvyb"
      ],
      "color": "gray",
      "line": "dashed",
      "head": "normal"
    }
  ]
}
