{
  "_type": "element",
  "tags": null,
  "links": null,
  "viewOf": "ses.ingestService",
  "_stage": "layouted",
  "sourcePath": "ses_v0.1_en.c4",
  "description": null,
  "title": "3.2 - Ingest service",
  "id": "ingestDetail",
  "autoLayout": {
    "direction": "TB"
  },
  "hash": "ebi3lLpiXVvUNcjQq3lalccWQwmx5n_Dpi5RhOePTCE",
  "bounds": {
    "x": 0,
    "y": 0,
    "width": 972,
    "height": 1973
  },
  "nodes": [
    {
      "id": "ses.frontendAPI",
      "parent": null,
      "level": 0,
      "children": [],
      "inEdges": [],
      "outEdges": [
        "1hgr6z6"
      ],
      "title": "Frontend API",
      "modelRef": "ses.frontendAPI",
      "shape": "rectangle",
      "color": "primary",
      "style": {
        "opacity": 15,
        "size": "sm"
      },
      "description": {
        "txt": "Single entry point for the web app: database queries and data uploads"
      },
      "tags": [],
      "kind": "container",
      "navigateTo": "frontendApiDetail",
      "x": 0,
      "y": 0,
      "width": 262,
      "height": 135,
      "labelBBox": {
        "x": 12,
        "y": 40,
        "width": 239,
        "height": 53
      }
    },
    {
      "id": "ses.ingestService",
      "parent": null,
      "level": 0,
      "children": [
        "ses.ingestService.fileReceiver",
        "ses.ingestService.csvParser",
        "ses.ingestService.validator",
        "ses.ingestService.meterLinker",
        "ses.ingestService.backendClient",
        "ses.ingestService.importNotifier"
      ],
      "inEdges": [
        "1hgr6z6"
      ],
      "outEdges": [
        "1dtp1tm",
        "e7n0ra"
      ],
      "title": "Ingest service",
      "modelRef": "ses.ingestService",
      "shape": "rectangle",
      "color": "primary",
      "style": {
        "opacity": 15,
        "size": "md"
      },
      "description": {
        "txt": "Imports meter data and links every meter to the right participant"
      },
      "tags": [],
      "kind": "container",
      "depth": 1,
      "x": 402,
      "y": 68,
      "width": 497,
      "height": 1585,
      "labelBBox": {
        "x": 6,
        "y": 0,
        "width": 96,
        "height": 15
      }
    },
    {
      "id": "ses.ingestService.fileReceiver",
      "parent": "ses.ingestService",
      "level": 1,
      "children": [],
      "inEdges": [
        "1hgr6z6"
      ],
      "outEdges": [
        "r0exas"
      ],
      "title": "File receiver",
      "modelRef": "ses.ingestService.fileReceiver",
      "shape": "rectangle",
      "color": "primary",
      "style": {
        "opacity": 15,
        "size": "md"
      },
      "description": {
        "txt": "Receives the meter data file from the frontend API and records file name, hash and period"
      },
      "tags": [],
      "kind": "component",
      "x": 446,
      "y": 129,
      "width": 341,
      "height": 180,
      "labelBBox": {
        "x": 18,
        "y": 47,
        "width": 306,
        "height": 83
      }
    },
    {
      "id": "ses.ingestService.csvParser",
      "parent": "ses.ingestService",
      "level": 1,
      "children": [],
      "inEdges": [
        "r0exas"
      ],
      "outEdges": [
        "wqbsqd"
      ],
      "title": "CSV parser",
      "modelRef": "ses.ingestService.csvParser",
      "shape": "rectangle",
      "color": "primary",
      "style": {
        "opacity": 15,
        "size": "md"
      },
      "description": {
        "txt": "Parses decimal commas and merges date and time into a UTC timestamp"
      },
      "tags": [],
      "kind": "component",
      "x": 442,
      "y": 410,
      "width": 349,
      "height": 180,
      "labelBBox": {
        "x": 18,
        "y": 56,
        "width": 313,
        "height": 65
      }
    },
    {
      "id": "ses.ingestService.validator",
      "parent": "ses.ingestService",
      "level": 1,
      "children": [],
      "inEdges": [
        "wqbsqd"
      ],
      "outEdges": [
        "11k5qiw"
      ],
      "title": "Validator",
      "modelRef": "ses.ingestService.validator",
      "shape": "rectangle",
      "color": "primary",
      "style": {
        "opacity": 15,
        "size": "md"
      },
      "description": {
        "txt": "Detects duplicates, marks gaps (not as zero) and checks limits per meter"
      },
      "tags": [],
      "kind": "component",
      "x": 447,
      "y": 673,
      "width": 336,
      "height": 180,
      "labelBBox": {
        "x": 17,
        "y": 56,
        "width": 301,
        "height": 65
      }
    },
    {
      "id": "ses.ingestService.meterLinker",
      "parent": "ses.ingestService",
      "level": 1,
      "children": [],
      "inEdges": [
        "11k5qiw"
      ],
      "outEdges": [
        "14il23v"
      ],
      "title": "Meter linker",
      "modelRef": "ses.ingestService.meterLinker",
      "shape": "rectangle",
      "color": "primary",
      "style": {
        "opacity": 15,
        "size": "md"
      },
      "description": {
        "txt": "Links meter_reference to participant_id using the client's linking tool"
      },
      "tags": [],
      "kind": "component",
      "x": 442,
      "y": 936,
      "width": 339,
      "height": 180,
      "labelBBox": {
        "x": 18,
        "y": 56,
        "width": 303,
        "height": 65
      }
    },
    {
      "id": "ses.ingestService.backendClient",
      "parent": "ses.ingestService",
      "level": 1,
      "children": [],
      "inEdges": [
        "14il23v"
      ],
      "outEdges": [
        "1wmmbpq",
        "1dtp1tm"
      ],
      "title": "Backend client",
      "modelRef": "ses.ingestService.backendClient",
      "shape": "rectangle",
      "color": "primary",
      "style": {
        "opacity": 15,
        "size": "md"
      },
      "description": {
        "txt": "Reads meter links and writes readings and import records through the backend API"
      },
      "tags": [],
      "kind": "component",
      "x": 450,
      "y": 1215,
      "width": 323,
      "height": 180,
      "labelBBox": {
        "x": 18,
        "y": 56,
        "width": 287,
        "height": 65
      }
    },
    {
      "id": "ses.ingestService.importNotifier",
      "parent": "ses.ingestService",
      "level": 1,
      "children": [],
      "inEdges": [
        "1wmmbpq"
      ],
      "outEdges": [
        "e7n0ra"
      ],
      "title": "Import notifier",
      "modelRef": "ses.ingestService.importNotifier",
      "shape": "rectangle",
      "color": "primary",
      "style": {
        "opacity": 15,
        "size": "sm"
      },
      "description": {
        "txt": "Notifies the calculation service that new data has been imported"
      },
      "tags": [],
      "kind": "component",
      "x": 492,
      "y": 1478,
      "width": 240,
      "height": 135,
      "labelBBox": {
        "x": 13,
        "y": 40,
        "width": 214,
        "height": 53
      }
    },
    {
      "id": "ses.backendAPI",
      "parent": null,
      "level": 0,
      "children": [],
      "inEdges": [
        "1dtp1tm"
      ],
      "outEdges": [],
      "title": "Backend API",
      "modelRef": "ses.backendAPI",
      "shape": "rectangle",
      "color": "primary",
      "style": {
        "opacity": 15,
        "size": "sm"
      },
      "description": {
        "txt": "API between the backend services and the database"
      },
      "tags": [],
      "kind": "container",
      "navigateTo": "backendApiDetail",
      "x": 356,
      "y": 1793,
      "width": 255,
      "height": 135,
      "labelBBox": {
        "x": 12,
        "y": 40,
        "width": 231,
        "height": 54
      }
    },
    {
      "id": "ses.calculationService",
      "parent": null,
      "level": 0,
      "children": [],
      "inEdges": [
        "e7n0ra"
      ],
      "outEdges": [],
      "title": "Calculation service",
      "modelRef": "ses.calculationService",
      "shape": "rectangle",
      "color": "primary",
      "style": {
        "opacity": 15,
        "size": "md"
      },
      "description": {
        "txt": "Calculates simultaneity per quarter hour"
      },
      "tags": [],
      "kind": "container",
      "navigateTo": "calculationDetail",
      "x": 652,
      "y": 1793,
      "width": 320,
      "height": 180,
      "labelBBox": {
        "x": 25,
        "y": 65,
        "width": 269,
        "height": 47
      }
    }
  ],
  "edges": [
    {
      "id": "1hgr6z6",
      "source": "ses.frontendAPI",
      "target": "ses.ingestService.fileReceiver",
      "label": "forwards uploaded CSV file",
      "points": [
        [
          262,
          108
        ],
        [
          323,
          128
        ],
        [
          385,
          147
        ],
        [
          446,
          166
        ]
      ],
      "labelBBox": {
        "x": 360,
        "y": 128,
        "width": 182,
        "height": 18
      },
      "parent": null,
      "relations": [
        "1gdwgf0"
      ],
      "color": "gray",
      "line": "dashed",
      "head": "normal",
      "tags": [
        "level3"
      ]
    },
    {
      "id": "r0exas",
      "source": "ses.ingestService.fileReceiver",
      "target": "ses.ingestService.csvParser",
      "label": "passes raw CSV",
      "points": [
        [
          617,
          309
        ],
        [
          617,
          338
        ],
        [
          617,
          370
        ],
        [
          617,
          400
        ]
      ],
      "labelBBox": {
        "x": 618,
        "y": 358,
        "width": 107,
        "height": 18
      },
      "parent": "ses.ingestService",
      "relations": [
        "4ql3h5"
      ],
      "color": "gray",
      "line": "dashed",
      "head": "normal"
    },
    {
      "id": "wqbsqd",
      "source": "ses.ingestService.csvParser",
      "target": "ses.ingestService.validator",
      "label": "passes parsed rows",
      "points": [
        [
          616,
          590
        ],
        [
          616,
          613
        ],
        [
          616,
          638
        ],
        [
          615,
          662
        ]
      ],
      "labelBBox": {
        "x": 617,
        "y": 621,
        "width": 129,
        "height": 18
      },
      "parent": "ses.ingestService",
      "relations": [
        "t32opl"
      ],
      "color": "gray",
      "line": "dashed",
      "head": "normal"
    },
    {
      "id": "11k5qiw",
      "source": "ses.ingestService.validator",
      "target": "ses.ingestService.meterLinker",
      "label": "passes valid rows",
      "points": [
        [
          614,
          852
        ],
        [
          613,
          876
        ],
        [
          613,
          901
        ],
        [
          613,
          925
        ]
      ],
      "labelBBox": {
        "x": 614,
        "y": 884,
        "width": 114,
        "height": 18
      },
      "parent": "ses.ingestService",
      "relations": [
        "1ine3xn"
      ],
      "color": "gray",
      "line": "dashed",
      "head": "normal"
    },
    {
      "id": "14il23v",
      "source": "ses.ingestService.meterLinker",
      "target": "ses.ingestService.backendClient",
      "label": "requests meter links and passes linked \nrows",
      "points": [
        [
          612,
          1116
        ],
        [
          612,
          1144
        ],
        [
          612,
          1176
        ],
        [
          612,
          1205
        ]
      ],
      "labelBBox": {
        "x": 613,
        "y": 1147,
        "width": 245,
        "height": 34
      },
      "parent": "ses.ingestService",
      "relations": [
        "o4oex5"
      ],
      "color": "gray",
      "line": "dashed",
      "head": "normal"
    },
    {
      "id": "1wmmbpq",
      "source": "ses.ingestService.backendClient",
      "target": "ses.ingestService.importNotifier",
      "label": "reports completed import",
      "points": [
        [
          612,
          1395
        ],
        [
          612,
          1419
        ],
        [
          612,
          1444
        ],
        [
          612,
          1468
        ]
      ],
      "labelBBox": {
        "x": 613,
        "y": 1426,
        "width": 159,
        "height": 18
      },
      "parent": "ses.ingestService",
      "relations": [
        "5hnlw4"
      ],
      "color": "gray",
      "line": "dashed",
      "head": "normal"
    },
    {
      "id": "1dtp1tm",
      "source": "ses.ingestService.backendClient",
      "target": "ses.backendAPI",
      "label": "reads meter links, writes readings and \nimport records",
      "points": [
        [
          591,
          1395
        ],
        [
          560,
          1528
        ],
        [
          530,
          1660
        ],
        [
          499,
          1793
        ]
      ],
      "labelBBox": {
        "x": 551,
        "y": 1585,
        "width": 378,
        "height": 18
      },
      "parent": null,
      "relations": [
        "1k4nt50"
      ],
      "color": "gray",
      "line": "dashed",
      "head": "normal",
      "tags": [
        "level3"
      ]
    },
    {
      "id": "e7n0ra",
      "source": "ses.ingestService.importNotifier",
      "target": "ses.calculationService",
      "label": "reports new data",
      "points": [
        [
          652,
          1613
        ],
        [
          688,
          1673
        ],
        [
          723,
          1733
        ],
        [
          759,
          1793
        ]
      ],
      "labelBBox": {
        "x": 711,
        "y": 1694,
        "width": 112,
        "height": 18
      },
      "parent": null,
      "relations": [
        "1mjd8fk"
      ],
      "color": "gray",
      "line": "dashed",
      "head": "normal",
      "tags": [
        "level3"
      ]
    }
  ]
}
