{
  _type: 'element',
  tags: null,
  links: null,
  viewOf: 'ses.mlService',
  _stage: 'layouted',
  sourcePath: 'ses_v0.1_en.c4',
  description: null,
  title: '3.7 - ML service',
  id: 'mlDetail',
  autoLayout: {
    direction: 'TB',
  },
  hash: 'IxK7wJkyJ639WMVNtOhWQux7GWwZjq5geaqhl7OW_M4',
  bounds: {
    x: -1099,
    y: -101,
    width: 2720,
    height: 1718,
  },
  nodes: [
    {
      id: 'weatherData',
      parent: null,
      level: 0,
      children: [],
      inEdges: [],
      outEdges: [
        'eli3a0',
      ],
      title: 'Weather data',
      modelRef: 'weatherData',
      shape: 'rectangle',
      color: 'muted',
      style: {
        opacity: 15,
        size: 'md',
      },
      description: {
        txt: 'Weather forecast for the next 48 hours and historical weather archive',
      },
      tags: [],
      kind: 'actor',
      x: -653,
      y: 1417,
      width: 325,
      height: 180,
      labelBBox: {
        x: 18,
        y: 56,
        width: 289,
        height: 65,
      },
      navigateTo: null,
      links: null,
    },
    {
      id: 'ses.calculationService',
      parent: null,
      level: 0,
      children: [],
      inEdges: [],
      outEdges: [
        'q5ab5',
      ],
      title: 'Calculation service',
      modelRef: 'ses.calculationService',
      shape: 'rectangle',
      color: 'primary',
      style: {
        opacity: 15,
        size: 'md',
      },
      description: {
        txt: 'Calculates simultaneity per quarter hour',
      },
      tags: [],
      kind: 'container',
      navigateTo: 'calculationDetail',
      x: -26,
      y: -81,
      width: 320,
      height: 180,
      labelBBox: {
        x: 25,
        y: 65,
        width: 269,
        height: 47,
      },
      links: null,
    },
    {
      id: 'ses.mlService',
      parent: null,
      level: 0,
      children: [
        'ses.mlService.weatherForecast',
        'ses.mlService.effectMeasurement',
        'ses.mlService.retraining',
        'ses.mlService.modelRegistry',
        'ses.mlService.forecasting',
        'ses.mlService.optimization',
        'ses.mlService.ranking',
        'ses.mlService.dataAccess',
      ],
      inEdges: [
        'eli3a0',
        'q5ab5',
      ],
      outEdges: [
        '1csjucw',
      ],
      title: 'ML service',
      modelRef: 'ses.mlService',
      shape: 'rectangle',
      color: 'primary',
      style: {
        opacity: 15,
        size: 'md',
      },
      description: {
        txt: 'Forecasts generation and consumption and generates personal advice',
      },
      tags: [],
      kind: 'container',
      depth: 1,
      x: -692,
      y: 209,
      width: 2293,
      height: 1053,
      labelBBox: {
        x: 6,
        y: 0,
        width: 71,
        height: 15,
      },
      navigateTo: null,
      links: null,
    },
    {
      id: 'ses.mlService.weatherForecast',
      parent: 'ses.mlService',
      level: 1,
      children: [],
      inEdges: [
        'eli3a0',
      ],
      outEdges: [
        '1nke5n6',
      ],
      title: 'Weather forecast',
      modelRef: 'ses.mlService.weatherForecast',
      shape: 'rectangle',
      color: 'primary',
      style: {
        opacity: 15,
        size: 'md',
      },
      description: {
        txt: 'Fetches irradiance, cloud cover and temperature for the next 48 hours',
      },
      tags: [],
      kind: 'component',
      x: -650,
      y: 1040,
      width: 320,
      height: 180,
      labelBBox: {
        x: 39,
        y: 56,
        width: 242,
        height: 65,
      },
      navigateTo: null,
      links: null,
    },
    {
      id: 'ses.mlService.effectMeasurement',
      parent: 'ses.mlService',
      level: 1,
      children: [],
      inEdges: [
        'q5ab5',
      ],
      outEdges: [
        '9tswsg',
        'co8xyb',
      ],
      title: 'Effect measurement',
      modelRef: 'ses.mlService.effectMeasurement',
      shape: 'rectangle',
      color: 'primary',
      style: {
        opacity: 15,
        size: 'md',
      },
      description: {
        txt: 'Compares actual consumption with the P50 forecast to measure whether advice was followed',
      },
      tags: [],
      kind: 'component',
      x: -27,
      y: 269,
      width: 329,
      height: 180,
      labelBBox: {
        x: 18,
        y: 47,
        width: 293,
        height: 83,
      },
      navigateTo: null,
      links: null,
    },
    {
      id: 'ses.mlService.retraining',
      parent: 'ses.mlService',
      level: 1,
      children: [],
      inEdges: [
        '9tswsg',
      ],
      outEdges: [
        'd99k7b',
        '1ihx9gp',
      ],
      title: 'Retraining',
      modelRef: 'ses.mlService.retraining',
      shape: 'rectangle',
      color: 'primary',
      style: {
        opacity: 15,
        size: 'md',
      },
      description: {
        txt: 'Retrains the forecasters, clusters and acceptance model on new data',
      },
      tags: [],
      kind: 'component',
      x: 574,
      y: 269,
      width: 320,
      height: 180,
      labelBBox: {
        x: 34,
        y: 56,
        width: 252,
        height: 65,
      },
      navigateTo: null,
      links: null,
    },
    {
      id: 'ses.mlService.modelRegistry',
      parent: 'ses.mlService',
      level: 1,
      children: [],
      inEdges: [
        'd99k7b',
      ],
      outEdges: [
        '1itaqtn',
        '1wbokkm',
      ],
      title: 'Model registry',
      modelRef: 'ses.mlService.modelRegistry',
      shape: 'storage',
      color: 'primary',
      style: {
        opacity: 15,
        size: 'md',
      },
      description: {
        txt: 'MLflow registry with model versions and test scores; a new model goes live only if it scores better',
      },
      tags: [],
      kind: 'component',
      x: 1206,
      y: 269,
      width: 334,
      height: 180,
      labelBBox: {
        x: 18,
        y: 47,
        width: 298,
        height: 83,
      },
      navigateTo: null,
      links: null,
    },
    {
      id: 'ses.mlService.forecasting',
      parent: 'ses.mlService',
      level: 1,
      children: [],
      inEdges: [
        '1itaqtn',
        '1nke5n6',
      ],
      outEdges: [
        '117nm8g',
        'vu0y05',
      ],
      title: 'Forecasting',
      modelRef: 'ses.mlService.forecasting',
      shape: 'rectangle',
      color: 'primary',
      style: {
        opacity: 15,
        size: 'md',
      },
      description: {
        txt: 'Forecasts generation and consumption per quarter hour with P10 to P90 bands (LightGBM)',
      },
      tags: [],
      kind: 'component',
      x: -29,
      y: 1040,
      width: 356,
      height: 180,
      labelBBox: {
        x: 18,
        y: 56,
        width: 321,
        height: 65,
      },
      navigateTo: null,
      links: null,
    },
    {
      id: 'ses.mlService.optimization',
      parent: 'ses.mlService',
      level: 1,
      children: [],
      inEdges: [
        '117nm8g',
      ],
      outEdges: [
        '1s4s471',
        '1nx8mwv',
      ],
      title: 'Optimization',
      modelRef: 'ses.mlService.optimization',
      shape: 'rectangle',
      color: 'primary',
      style: {
        opacity: 15,
        size: 'md',
      },
      description: {
        txt: 'Schedules flexible appliances into unused surplus within comfort limits (MILP)',
      },
      tags: [],
      kind: 'component',
      x: 571,
      y: 1040,
      width: 320,
      height: 180,
      labelBBox: {
        x: 19,
        y: 56,
        width: 283,
        height: 65,
      },
      navigateTo: null,
      links: null,
    },
    {
      id: 'ses.mlService.ranking',
      parent: 'ses.mlService',
      level: 1,
      children: [],
      inEdges: [
        '1wbokkm',
        '1s4s471',
      ],
      outEdges: [
        '1etb63s',
      ],
      title: 'Ranking',
      modelRef: 'ses.mlService.ranking',
      shape: 'rectangle',
      color: 'primary',
      style: {
        opacity: 15,
        size: 'md',
      },
      description: {
        txt: 'Ranks advice by expected gain times chance of being followed and selects the top 3',
      },
      tags: [],
      kind: 'component',
      x: 1203,
      y: 1040,
      width: 356,
      height: 180,
      labelBBox: {
        x: 18,
        y: 56,
        width: 321,
        height: 65,
      },
      navigateTo: null,
      links: null,
    },
    {
      id: 'ses.mlService.dataAccess',
      parent: 'ses.mlService',
      level: 1,
      children: [],
      inEdges: [
        'co8xyb',
        '1ihx9gp',
        'vu0y05',
        '1nx8mwv',
        '1etb63s',
      ],
      outEdges: [
        '1csjucw',
      ],
      title: 'Data access',
      modelRef: 'ses.mlService.dataAccess',
      shape: 'rectangle',
      color: 'primary',
      style: {
        opacity: 15,
        size: 'sm',
      },
      description: {
        txt: 'Single gateway from the ML service to the backend API',
      },
      tags: [],
      kind: 'component',
      x: 13,
      y: 662,
      width: 251,
      height: 135,
      labelBBox: {
        x: 12,
        y: 40,
        width: 227,
        height: 54,
      },
      navigateTo: null,
      links: null,
    },
    {
      id: 'ses.backendAPI',
      parent: null,
      level: 0,
      children: [],
      inEdges: [
        '1csjucw',
      ],
      outEdges: [],
      title: 'Backend API',
      modelRef: 'ses.backendAPI',
      shape: 'rectangle',
      color: 'primary',
      style: {
        opacity: 15,
        size: 'sm',
      },
      description: {
        txt: 'API between the backend services and the database',
      },
      tags: [],
      kind: 'container',
      navigateTo: 'backendApiDetail',
      x: -1079,
      y: 669,
      width: 255,
      height: 135,
      labelBBox: {
        x: 12,
        y: 40,
        width: 231,
        height: 54,
      },
      links: null,
    },
  ],
  edges: [
    {
      id: 'eli3a0',
      parent: null,
      source: 'weatherData',
      target: 'ses.mlService.weatherForecast',
      label: 'provides weather data over HTTPS',
      relations: [
        '1yn5crl',
      ],
      color: 'gray',
      line: 'dashed',
      head: 'normal',
      tags: [
        'level3',
      ],
      points: [
        [
          -489,
          1348,
        ],
        [
          -489,
          1289,
        ],
      ],
      labelBBox: {
        x: -489,
        y: 1348,
        width: 223,
        height: 18,
      },
      controlPoints: [
        {
          x: -489,
          y: 1348,
        },
        {
          x: -489,
          y: 1289,
        },
      ],
      isLabelCustomized: false,
      navigateTo: null,
    },
    {
      id: 'q5ab5',
      parent: null,
      source: 'ses.calculationService',
      target: 'ses.mlService.effectMeasurement',
      label: 'reports new results',
      relations: [
        'g5ljok',
      ],
      color: 'gray',
      line: 'dashed',
      head: 'normal',
      tags: [
        'level3',
      ],
      points: [
        [
          135,
          162,
        ],
        [
          135,
          201,
        ],
      ],
      labelBBox: {
        x: 135,
        y: 162,
        width: 122,
        height: 18,
      },
      controlPoints: [
        {
          x: 135,
          y: 162,
        },
        {
          x: 135,
          y: 201,
        },
      ],
      isLabelCustomized: false,
      navigateTo: null,
    },
    {
      id: '9tswsg',
      parent: 'ses.mlService',
      source: 'ses.mlService.effectMeasurement',
      target: 'ses.mlService.retraining',
      label: 'provides measured effect of advice',
      relations: [
        'sflf6p',
      ],
      color: 'gray',
      line: 'dashed',
      head: 'normal',
      points: [
        [
          328,
          358,
        ],
        [
          421,
          360,
        ],
        [
          530,
          359,
        ],
        [
          625,
          362,
        ],
      ],
      labelBBox: {
        x: 294,
        y: 380,
        width: 221,
        height: 18,
      },
      controlPoints: [
        {
          x: 408,
          y: 359,
        },
        {
          x: 463,
          y: 359,
        },
      ],
      isLabelCustomized: true,
      navigateTo: null,
      tags: null,
    },
    {
      id: 'co8xyb',
      parent: 'ses.mlService',
      source: 'ses.mlService.effectMeasurement',
      target: 'ses.mlService.dataAccess',
      label: 'reads given advice and readings',
      relations: [
        '1qtib0e',
      ],
      color: 'gray',
      line: 'dashed',
      head: 'normal',
      points: [
        [
          137,
          512,
        ],
        [
          137,
          580,
        ],
      ],
      labelBBox: {
        x: 137,
        y: 512,
        width: 206,
        height: 18,
      },
      controlPoints: [
        {
          x: 137,
          y: 512,
        },
        {
          x: 137,
          y: 580,
        },
      ],
      isLabelCustomized: false,
      navigateTo: null,
      tags: null,
    },
    {
      id: 'd99k7b',
      parent: 'ses.mlService',
      source: 'ses.mlService.retraining',
      target: 'ses.mlService.modelRegistry',
      label: 'registers new models',
      relations: [
        '31cfrb',
      ],
      color: 'gray',
      line: 'dashed',
      head: 'normal',
      points: [
        [
          882,
          356,
        ],
        [
          949,
          353,
        ],
        [
          1031,
          354,
        ],
        [
          1100,
          353,
        ],
      ],
      labelBBox: {
        x: 966,
        y: 373,
        width: 136,
        height: 18,
      },
      controlPoints: [
        {
          x: 1019,
          y: 359,
        },
        {
          x: 1082,
          y: 359,
        },
      ],
      isLabelCustomized: true,
      navigateTo: null,
      tags: null,
    },
    {
      id: '1ihx9gp',
      parent: 'ses.mlService',
      source: 'ses.mlService.retraining',
      target: 'ses.mlService.dataAccess',
      label: 'reads training data',
      relations: [
        'qwaq6v',
      ],
      color: 'gray',
      line: 'dashed',
      head: 'normal',
      points: [
        [
          487,
          512,
        ],
        [
          377,
          580,
        ],
      ],
      labelBBox: {
        x: 487,
        y: 512,
        width: 120,
        height: 18,
      },
      controlPoints: [
        {
          x: 487,
          y: 512,
        },
        {
          x: 377,
          y: 580,
        },
      ],
      isLabelCustomized: false,
      navigateTo: null,
      tags: null,
    },
    {
      id: '1itaqtn',
      parent: 'ses.mlService',
      source: 'ses.mlService.modelRegistry',
      target: 'ses.mlService.forecasting',
      label: 'provides trained models',
      relations: [
        '1r4kvcg',
      ],
      color: 'gray',
      line: 'dashed',
      head: 'normal',
      points: [
        [
          1049,
          554,
        ],
        [
          956,
          616,
        ],
        [
          853,
          682,
        ],
        [
          768,
          740,
        ],
        [
          706,
          780,
        ],
        [
          641,
          824,
        ],
        [
          580,
          863,
        ],
      ],
      labelBBox: {
        x: 840,
        y: 690,
        width: 153,
        height: 18,
      },
      controlPoints: [
        {
          x: 840,
          y: 690,
        },
        {
          x: 656,
          y: 804,
        },
      ],
      isLabelCustomized: false,
      navigateTo: null,
      tags: null,
    },
    {
      id: '1wbokkm',
      parent: 'ses.mlService',
      source: 'ses.mlService.modelRegistry',
      target: 'ses.mlService.ranking',
      label: 'provides trained models',
      relations: [
        '68idui',
      ],
      color: 'gray',
      line: 'dashed',
      head: 'normal',
      points: [
        [
          1378,
          423,
        ],
        [
          1408,
          565,
        ],
        [
          1476,
          888,
        ],
        [
          1508,
          1039,
        ],
      ],
      labelBBox: {
        x: 1375,
        y: 693,
        width: 153,
        height: 18,
      },
      controlPoints: [
        {
          x: 1375,
          y: 693,
        },
        {
          x: 1378,
          y: 795,
        },
      ],
      isLabelCustomized: false,
      navigateTo: null,
      tags: null,
    },
    {
      id: '1nke5n6',
      parent: 'ses.mlService',
      source: 'ses.mlService.weatherForecast',
      target: 'ses.mlService.forecasting',
      label: 'provides weather features',
      relations: [
        '6yckfe',
      ],
      color: 'gray',
      line: 'dashed',
      head: 'normal',
      points: [
        [
          -437,
          1128,
        ],
        [
          -354,
          1132,
        ],
        [
          -163,
          1141,
        ],
        [
          -73,
          1144,
        ],
      ],
      labelBBox: {
        x: -197,
        y: 1130,
        width: 165,
        height: 18,
      },
      controlPoints: [
        {
          x: -197,
          y: 1130,
        },
        {
          x: -141,
          y: 1130,
        },
      ],
      isLabelCustomized: false,
      navigateTo: null,
      tags: null,
    },
    {
      id: '117nm8g',
      parent: 'ses.mlService',
      source: 'ses.mlService.forecasting',
      target: 'ses.mlService.optimization',
      label: 'provides forecast surplus (P10)',
      relations: [
        '1730top',
      ],
      color: 'gray',
      line: 'dashed',
      head: 'normal',
      points: [
        [
          289,
          1122,
        ],
        [
          365,
          1120,
        ],
        [
          454,
          1118,
        ],
        [
          530,
          1117,
        ],
      ],
      labelBBox: {
        x: 336,
        y: 1146,
        width: 198,
        height: 18,
      },
      controlPoints: [
        {
          x: 403,
          y: 1130,
        },
        {
          x: 460,
          y: 1130,
        },
      ],
      isLabelCustomized: true,
      navigateTo: null,
      tags: null,
    },
    {
      id: 'vu0y05',
      parent: 'ses.mlService',
      source: 'ses.mlService.forecasting',
      target: 'ses.mlService.dataAccess',
      label: 'reads history, writes forecasts',
      relations: [
        'nqwbi2',
      ],
      color: 'gray',
      line: 'dashed',
      head: 'normal',
      points: [
        [
          143,
          963,
        ],
        [
          142,
          891,
        ],
      ],
      labelBBox: {
        x: 143,
        y: 963,
        width: 189,
        height: 18,
      },
      controlPoints: [
        {
          x: 143,
          y: 963,
        },
        {
          x: 142,
          y: 891,
        },
      ],
      isLabelCustomized: false,
      navigateTo: null,
      tags: null,
    },
    {
      id: '1s4s471',
      parent: 'ses.mlService',
      source: 'ses.mlService.optimization',
      target: 'ses.mlService.ranking',
      label: 'provides candidate advice',
      relations: [
        '1jkgx53',
      ],
      color: 'gray',
      line: 'dashed',
      head: 'normal',
      points: [
        [
          929,
          1128,
        ],
        [
          1015,
          1130,
        ],
        [
          1118,
          1130,
        ],
        [
          1207,
          1131,
        ],
      ],
      labelBBox: {
        x: 950,
        y: 1157,
        width: 166,
        height: 18,
      },
      controlPoints: [
        {
          x: 1035,
          y: 1130,
        },
        {
          x: 1091,
          y: 1130,
        },
      ],
      isLabelCustomized: true,
      navigateTo: null,
      tags: null,
    },
    {
      id: '1nx8mwv',
      parent: 'ses.mlService',
      source: 'ses.mlService.optimization',
      target: 'ses.mlService.dataAccess',
      label: 'reads comfort limits and appliances',
      relations: [
        '15et4gf',
      ],
      color: 'gray',
      line: 'dashed',
      head: 'normal',
      points: [
        [
          482,
          962,
        ],
        [
          376,
          891,
        ],
      ],
      labelBBox: {
        x: 482,
        y: 962,
        width: 223,
        height: 18,
      },
      controlPoints: [
        {
          x: 482,
          y: 962,
        },
        {
          x: 376,
          y: 891,
        },
      ],
      isLabelCustomized: false,
      navigateTo: null,
      tags: null,
    },
    {
      id: '1etb63s',
      parent: 'ses.mlService',
      source: 'ses.mlService.ranking',
      target: 'ses.mlService.dataAccess',
      label: 'writes top 3 advice',
      relations: [
        '2uyoop',
      ],
      color: 'gray',
      line: 'dashed',
      head: 'normal',
      points: [
        [
          860,
          961,
        ],
        [
          637,
          890,
        ],
      ],
      labelBBox: {
        x: 860,
        y: 961,
        width: 120,
        height: 18,
      },
      controlPoints: [
        {
          x: 860,
          y: 961,
        },
        {
          x: 637,
          y: 890,
        },
      ],
      isLabelCustomized: false,
      navigateTo: null,
      tags: null,
    },
    {
      id: '1csjucw',
      parent: null,
      source: 'ses.mlService.dataAccess',
      target: 'ses.backendAPI',
      label: 'reads and writes forecasts, advice and \ntraining data',
      relations: [
        'foyst',
      ],
      color: 'gray',
      line: 'dashed',
      head: 'normal',
      tags: [
        'level3',
      ],
      points: [
        [
          -114,
          731,
        ],
        [
          -277,
          732,
        ],
        [
          -494,
          733,
        ],
        [
          -665,
          734,
        ],
      ],
      labelBBox: {
        x: -339,
        y: 732,
        width: 243,
        height: 35,
      },
      isLabelCustomized: false,
      controlPoints: [
        {
          x: -383,
          y: 732,
        },
      ],
      navigateTo: null,
    },
  ],
  _layout: 'manual',
}
