{
  _type: 'element',
  tags: null,
  links: null,
  viewOf: 'ses',
  _stage: 'layouted',
  sourcePath: 'ses_v0.1_en.c4',
  description: null,
  title: '2 - Containers',
  id: 'ses',
  autoLayout: {
    direction: 'TB',
    nodeSep: 205,
    rankSep: 200,
  },
  hash: 'Ux9G7soyE7H2hiqewoLcR98WbauRpGaDJnEropaynms',
  bounds: {
    x: -62,
    y: -66,
    width: 1703,
    height: 2346,
  },
  nodes: [
    {
      id: 'customer',
      parent: null,
      level: 0,
      children: [],
      inEdges: [],
      outEdges: [
        's12u5w',
      ],
      title: 'Klein energieverbruikers',
      modelRef: 'customer',
      shape: 'person',
      color: 'muted',
      style: {
        opacity: 15,
        size: 'md',
      },
      description: {
        txt: 'Participants of the energy community who view their own data and advice',
      },
      tags: [],
      kind: 'actor',
      x: 268,
      y: -46,
      width: 352,
      height: 180,
      labelBBox: {
        x: 17,
        y: 56,
        width: 317,
        height: 65,
      },
      drifts: null,
    },
    {
      id: 'beheerder',
      parent: null,
      level: 0,
      children: [],
      inEdges: [],
      outEdges: [
        '1agwk72',
      ],
      title: 'Systeembeheerder',
      modelRef: 'beheerder',
      shape: 'person',
      color: 'muted',
      style: {
        opacity: 15,
        size: 'md',
      },
      description: {
        txt: 'Administrator who imports data and manages the system',
      },
      tags: [],
      kind: 'actor',
      x: 1010,
      y: -41,
      width: 341,
      height: 180,
      labelBBox: {
        x: 18,
        y: 56,
        width: 306,
        height: 65,
      },
      drifts: null,
    },
    {
      id: 'meterdata',
      parent: null,
      level: 0,
      children: [],
      inEdges: [],
      outEdges: [
        '1akhu5h',
      ],
      title: 'Meterdata',
      modelRef: 'meterdata',
      shape: 'rectangle',
      color: 'muted',
      style: {
        opacity: 15,
        size: 'md',
      },
      description: {
        txt: 'CSV export with quarter-hourly readings per meter, delivered a few times per year',
      },
      tags: [],
      kind: 'actor',
      x: 12,
      y: 2078,
      width: 332,
      height: 180,
      labelBBox: {
        x: 17,
        y: 56,
        width: 297,
        height: 65,
      },
      drifts: null,
    },
    {
      id: 'weerdata',
      parent: null,
      level: 0,
      children: [],
      inEdges: [],
      outEdges: [
        'i4toaw',
      ],
      title: 'Weerdata',
      modelRef: 'weerdata',
      shape: 'rectangle',
      color: 'muted',
      style: {
        opacity: 15,
        size: 'md',
      },
      description: {
        txt: 'Weather forecast for the next 48 hours and historical weather archive',
      },
      tags: [],
      kind: 'actor',
      x: 1238,
      y: 2080,
      width: 325,
      height: 180,
      labelBBox: {
        x: 18,
        y: 56,
        width: 289,
        height: 65,
      },
      drifts: null,
    },
    {
      id: 'ses',
      parent: null,
      level: 0,
      children: [
        'ses.webapp',
        'ses.frontendAPI',
        'ses.ingestService',
        'ses.rekenservice',
        'ses.MLservice',
        'ses.backendAPI',
        'ses.database',
      ],
      inEdges: [
        's12u5w',
        '1agwk72',
        '1akhu5h',
        'i4toaw',
      ],
      outEdges: [],
      title: 'Smart Energie Stolp',
      modelRef: 'ses',
      shape: 'rectangle',
      color: 'primary',
      style: {
        opacity: 15,
        size: 'md',
      },
      description: {
        txt: 'Calculates, forecasts and improves the simultaneity of local energy generation and consumption',
      },
      tags: [
        'version1',
      ],
      kind: 'system',
      depth: 1,
      x: -42,
      y: 293,
      width: 1650,
      height: 1600,
      labelBBox: {
        x: 6,
        y: 0,
        width: 135,
        height: 15,
      },
      drifts: null,
    },
    {
      id: 'ses.webapp',
      parent: 'ses',
      level: 1,
      children: [],
      inEdges: [
        's12u5w',
        '1agwk72',
      ],
      outEdges: [
        'soyyp9',
        'tf2y90',
      ],
      title: 'Web app',
      modelRef: 'ses.webapp',
      shape: 'browser',
      color: 'primary',
      style: {
        opacity: 15,
        size: 'md',
      },
      description: {
        txt: 'User interface for participants and administrators (front-end framework still to be chosen)',
      },
      tags: [
        'ui',
        'warn',
      ],
      kind: 'container',
      navigateTo: 'webappDetail',
      x: 636,
      y: 353,
      width: 328,
      height: 180,
      labelBBox: {
        x: 22,
        y: 47,
        width: 284,
        height: 83,
      },
      drifts: null,
    },
    {
      id: 'ses.frontendAPI',
      parent: 'ses',
      level: 1,
      children: [],
      inEdges: [
        'soyyp9',
      ],
      outEdges: [
        'exzjix',
      ],
      title: 'Frontend API',
      modelRef: 'ses.frontendAPI',
      shape: 'rectangle',
      color: 'primary',
      style: {
        opacity: 15,
        size: 'sm',
      },
      description: {
        txt: 'API between the web app and the database',
      },
      tags: [],
      kind: 'container',
      navigateTo: 'frontendApiDetail',
      x: 661,
      y: 662,
      width: 260,
      height: 135,
      labelBBox: {
        x: 11,
        y: 47,
        width: 237,
        height: 39,
      },
      drifts: null,
    },
    {
      id: 'ses.ingestService',
      parent: 'ses',
      level: 1,
      children: [],
      inEdges: [
        '1akhu5h',
        'tf2y90',
      ],
      outEdges: [
        '4jc7qh',
        'bokdkv',
      ],
      title: 'Ingest service',
      modelRef: 'ses.ingestService',
      shape: 'rectangle',
      color: 'primary',
      style: {
        opacity: 15,
        size: 'md',
      },
      description: {
        txt: 'Imports meter data and links every meter to the right participant',
      },
      tags: [],
      kind: 'container',
      navigateTo: 'ingestDetail',
      x: 0,
      y: 1671,
      width: 329,
      height: 180,
      labelBBox: {
        x: 18,
        y: 56,
        width: 293,
        height: 65,
      },
      drifts: null,
    },
    {
      id: 'ses.rekenservice',
      parent: 'ses',
      level: 1,
      children: [],
      inEdges: [
        'bokdkv',
      ],
      outEdges: [
        '12yoirg',
        '6omtrw',
      ],
      title: 'Reken service',
      modelRef: 'ses.rekenservice',
      shape: 'rectangle',
      color: 'primary',
      style: {
        opacity: 15,
        size: 'md',
      },
      description: {
        txt: 'Calculates simultaneity per quarter hour',
      },
      tags: [],
      kind: 'container',
      navigateTo: 'rekenDetail',
      x: 633,
      y: 1671,
      width: 320,
      height: 180,
      labelBBox: {
        x: 25,
        y: 65,
        width: 269,
        height: 47,
      },
      drifts: null,
    },
    {
      id: 'ses.MLservice',
      parent: 'ses',
      level: 1,
      children: [],
      inEdges: [
        'i4toaw',
        '6omtrw',
      ],
      outEdges: [
        '1ac0rii',
      ],
      title: 'ML service',
      modelRef: 'ses.MLservice',
      shape: 'rectangle',
      color: 'primary',
      style: {
        opacity: 15,
        size: 'md',
      },
      description: {
        txt: 'Forecasts generation and consumption and generates personal advice',
      },
      tags: [],
      kind: 'container',
      navigateTo: 'mlDetail',
      x: 1238,
      y: 1671,
      width: 328,
      height: 180,
      labelBBox: {
        x: 17,
        y: 56,
        width: 293,
        height: 65,
      },
      drifts: null,
    },
    {
      id: 'ses.backendAPI',
      parent: 'ses',
      level: 1,
      children: [],
      inEdges: [
        '4jc7qh',
        '12yoirg',
        '1ac0rii',
      ],
      outEdges: [
        '1xytwqb',
      ],
      title: 'Backend API',
      modelRef: 'ses.backendAPI',
      shape: 'rectangle',
      color: 'primary',
      style: {
        opacity: 15,
        size: 'sm',
      },
      description: {
        txt: 'API between the backend services and the database',
      },
      tags: [],
      kind: 'container',
      navigateTo: 'backendApiDetail',
      x: 661,
      y: 1237,
      width: 255,
      height: 135,
      labelBBox: {
        x: 12,
        y: 40,
        width: 231,
        height: 53,
      },
      drifts: null,
    },
    {
      id: 'ses.database',
      parent: 'ses',
      level: 1,
      children: [],
      inEdges: [
        'exzjix',
        '1xytwqb',
      ],
      outEdges: [],
      title: 'Database',
      modelRef: 'ses.database',
      shape: 'storage',
      color: 'primary',
      style: {
        opacity: 15,
        size: 'md',
      },
      description: {
        txt: 'PostgreSQL with TimescaleDB for readings, links, forecasts and advice',
      },
      tags: [],
      kind: 'container',
      navigateTo: 'databaseDetail',
      x: 638,
      y: 927,
      width: 333,
      height: 180,
      labelBBox: {
        x: 18,
        y: 56,
        width: 297,
        height: 65,
      },
      drifts: null,
    },
  ],
  edges: [
    {
      id: 's12u5w',
      parent: null,
      source: 'customer',
      target: 'ses.webapp',
      label: '[...]',
      relations: [
        '16kukro',
        '1yi1fp7',
      ],
      color: 'gray',
      line: 'dashed',
      head: 'normal',
      points: [
        [
          504,
          129,
        ],
        [
          564,
          192,
        ],
        [
          644,
          279,
        ],
        [
          704,
          343,
        ],
      ],
      labelBBox: {
        x: 593,
        y: 222,
        width: 25,
        height: 18,
      },
      controlPoints: [
        {
          x: 593,
          y: 222,
        },
        {
          x: 633,
          y: 265,
        },
      ],
      drifts: null,
      isLabelCustomized: false,
    },
    {
      id: '1agwk72',
      parent: null,
      source: 'beheerder',
      target: 'ses.webapp',
      label: '[...]',
      relations: [
        '1ahawwc',
        '17ggsbh',
        '11fdsm7',
      ],
      color: 'gray',
      line: 'dashed',
      head: 'normal',
      points: [
        [
          1086,
          132,
        ],
        [
          1028,
          194,
        ],
        [
          949,
          277,
        ],
        [
          890,
          341,
        ],
      ],
      labelBBox: {
        x: 1004,
        y: 225,
        width: 25,
        height: 18,
      },
      controlPoints: [
        {
          x: 1004,
          y: 225,
        },
        {
          x: 964,
          y: 267,
        },
      ],
      drifts: null,
      isLabelCustomized: false,
    },
    {
      id: '1akhu5h',
      parent: null,
      source: 'meterdata',
      target: 'ses.ingestService',
      label: 'provides CSV export',
      relations: [
        '1pjgtou',
      ],
      color: 'gray',
      line: 'dashed',
      head: 'normal',
      points: [
        [
          177,
          2077,
        ],
        [
          180,
          2010,
        ],
        [
          186,
          1926,
        ],
        [
          187,
          1862,
        ],
      ],
      labelBBox: {
        x: 181,
        y: 1987,
        width: 132,
        height: 18,
      },
      controlPoints: [
        {
          x: 181,
          y: 1987,
        },
        {
          x: 182,
          y: 1942,
        },
      ],
      drifts: null,
      isLabelCustomized: false,
    },
    {
      id: 'i4toaw',
      parent: null,
      source: 'weerdata',
      target: 'ses.MLservice',
      label: 'provides weather data over HTTPS',
      relations: [
        '1iozxnk',
      ],
      color: 'gray',
      line: 'dashed',
      head: 'normal',
      points: [
        [
          1381,
          2128,
        ],
        [
          1376,
          2106,
        ],
        [
          1372,
          2079,
        ],
        [
          1367,
          2055,
        ],
        [
          1359,
          1998,
        ],
        [
          1348,
          1896,
        ],
        [
          1344,
          1832,
        ],
      ],
      labelBBox: {
        x: 1398,
        y: 1988,
        width: 223,
        height: 18,
      },
      controlPoints: [
        {
          x: 1398,
          y: 1988,
        },
        {
          x: 1398,
          y: 1943,
        },
      ],
      drifts: null,
      isLabelCustomized: false,
    },
    {
      id: 'soyyp9',
      parent: 'ses',
      source: 'ses.webapp',
      target: 'ses.frontendAPI',
      label: 'sends requests over HTTPS',
      relations: [
        '1g8g11b',
      ],
      color: 'gray',
      line: 'dashed',
      head: 'normal',
      points: [
        [
          788,
          465,
        ],
        [
          777,
          510,
        ],
        [
          756,
          605,
        ],
        [
          774,
          688,
        ],
        [
          779,
          709,
        ],
        [
          787,
          732,
        ],
        [
          794,
          749,
        ],
      ],
      labelBBox: {
        x: 798,
        y: 585,
        width: 180,
        height: 18,
      },
      controlPoints: [
        {
          x: 798,
          y: 585,
        },
        {
          x: 798,
          y: 611,
        },
      ],
      drifts: null,
      isLabelCustomized: false,
    },
    {
      id: 'tf2y90',
      parent: 'ses',
      source: 'ses.webapp',
      target: 'ses.ingestService',
      label: 'uploads CSV file',
      relations: [
        'fezwdr',
      ],
      color: 'gray',
      line: 'dashed',
      head: 'normal',
      points: [
        [
          537,
          988,
        ],
        [
          427,
          1215,
        ],
      ],
      labelBBox: {
        x: 537,
        y: 988,
        width: 108,
        height: 18,
      },
      controlPoints: [
        {
          x: 537,
          y: 988,
        },
        {
          x: 427,
          y: 1215,
        },
      ],
      isLabelCustomized: false,
    },
    {
      id: 'exzjix',
      parent: 'ses',
      source: 'ses.frontendAPI',
      target: 'ses.database',
      label: '[...]',
      relations: [
        '1sl8x1w',
        '1mkzw0z',
        '1jcesl9',
        'b86vgc',
        '7rim94',
      ],
      color: 'gray',
      line: 'dashed',
      head: 'normal',
      points: [
        [
          797,
          770,
        ],
        [
          798,
          812,
        ],
        [
          799,
          874,
        ],
        [
          799,
          920,
        ],
      ],
      labelBBox: {
        x: 798,
        y: 849,
        width: 25,
        height: 18,
      },
      controlPoints: [
        {
          x: 798,
          y: 849,
        },
        {
          x: 798,
          y: 875,
        },
      ],
      isLabelCustomized: true,
      drifts: null,
    },
    {
      id: '1xytwqb',
      parent: 'ses',
      source: 'ses.backendAPI',
      target: 'ses.database',
      label: '[...]',
      relations: [
        'hvck6y',
        '1fclrgf',
        '1kcvtmw',
        '15gzwfh',
        '6lipcl',
        '12qnrga',
        '13i5umk',
      ],
      color: 'gray',
      line: 'dashed',
      head: 'normal',
      points: [
        [
          795,
          1252,
        ],
        [
          793,
          1210,
        ],
        [
          791,
          1144,
        ],
        [
          790,
          1093,
        ],
      ],
      labelBBox: {
        x: 798,
        y: 1185,
        width: 25,
        height: 18,
      },
      controlPoints: [
        {
          x: 798,
          y: 1185,
        },
        {
          x: 798,
          y: 1159,
        },
      ],
      isLabelCustomized: true,
      drifts: null,
    },
    {
      id: '4jc7qh',
      parent: 'ses',
      source: 'ses.ingestService',
      target: 'ses.backendAPI',
      label: '[...]',
      relations: [
        '1owveio',
        '1ish77t',
        'x1whzl',
      ],
      color: 'gray',
      line: 'dashed',
      head: 'normal',
      points: [
        [
          265,
          1683,
        ],
        [
          290,
          1659,
        ],
        [
          324,
          1632,
        ],
        [
          350,
          1611,
        ],
        [
          578,
          1426,
        ],
        [
          671,
          1349,
        ],
        [
          774,
          1285,
        ],
        [
          829,
          1247,
        ],
        [
          830,
          1255,
        ],
        [
          821,
          1269,
        ],
      ],
      labelBBox: {
        x: 466,
        y: 1552,
        width: 25,
        height: 18,
      },
      controlPoints: [
        {
          x: 466,
          y: 1552,
        },
        {
          x: 546,
          y: 1492,
        },
      ],
      drifts: null,
      isLabelCustomized: false,
    },
    {
      id: '12yoirg',
      parent: 'ses',
      source: 'ses.rekenservice',
      target: 'ses.backendAPI',
      label: 'reads readings, writes simultaneity',
      relations: [
        '14y66ri',
      ],
      color: 'gray',
      line: 'dashed',
      head: 'normal',
      points: [
        [
          790,
          1730,
        ],
        [
          789,
          1722,
        ],
        [
          787,
          1706,
        ],
        [
          786,
          1693,
        ],
        [
          775,
          1605,
        ],
        [
          770,
          1571,
        ],
        [
          753,
          1427,
        ],
        [
          749,
          1402,
        ],
        [
          747,
          1383,
        ],
        [
          744,
          1358,
        ],
      ],
      labelBBox: {
        x: 798,
        y: 1552,
        width: 219,
        height: 18,
      },
      controlPoints: [
        {
          x: 798,
          y: 1552,
        },
        {
          x: 798,
          y: 1492,
        },
      ],
      drifts: null,
      isLabelCustomized: false,
    },
    {
      id: '1ac0rii',
      parent: 'ses',
      source: 'ses.MLservice',
      target: 'ses.backendAPI',
      label: '[...]',
      relations: [
        'bcfv8z',
        'jgkrhp',
        'w2maj7',
        '2cu0cf',
        'knwvb0',
      ],
      color: 'gray',
      line: 'dashed',
      head: 'normal',
      points: [
        [
          1243,
          1645,
        ],
        [
          1141,
          1566,
        ],
        [
          999,
          1459,
        ],
        [
          902,
          1384,
        ],
      ],
      labelBBox: {
        x: 1122,
        y: 1552,
        width: 25,
        height: 18,
      },
      controlPoints: [
        {
          x: 1122,
          y: 1552,
        },
        {
          x: 1044,
          y: 1492,
        },
      ],
      drifts: null,
      isLabelCustomized: false,
    },
    {
      id: 'bokdkv',
      parent: 'ses',
      source: 'ses.ingestService',
      target: 'ses.rekenservice',
      label: 'reports new data',
      relations: [
        'jqb22f',
      ],
      color: 'gray',
      line: 'dashed',
      head: 'normal',
      points: [
        [
          342,
          1755,
        ],
        [
          393,
          1753,
        ],
        [
          448,
          1755,
        ],
        [
          497,
          1753,
        ],
        [
          547,
          1754,
        ],
        [
          597,
          1754,
        ],
        [
          634,
          1755,
        ],
      ],
      labelBBox: {
        x: 375,
        y: 1790,
        width: 108,
        height: 18,
      },
      controlPoints: [
        {
          x: 474,
          y: 1761,
        },
        {
          x: 527,
          y: 1761,
        },
      ],
      isLabelCustomized: true,
      drifts: null,
    },
    {
      id: '6omtrw',
      parent: 'ses',
      source: 'ses.rekenservice',
      target: 'ses.MLservice',
      label: 'reports new results',
      relations: [
        '1ji2jy4',
      ],
      color: 'gray',
      line: 'dashed',
      head: 'normal',
      points: [
        [
          935,
          1760,
        ],
        [
          1038,
          1763,
        ],
        [
          1181,
          1765,
        ],
        [
          1288,
          1768,
        ],
      ],
      labelBBox: {
        x: 980,
        y: 1790,
        width: 122,
        height: 18,
      },
      controlPoints: [
        {
          x: 1073,
          y: 1761,
        },
        {
          x: 1128,
          y: 1761,
        },
      ],
      isLabelCustomized: true,
      drifts: null,
    },
  ],
  _layout: 'manual',
}
