{
  _type: 'element',
  tags: null,
  links: null,
  viewOf: 'ses',
  _stage: 'layouted',
  sourcePath: 'ses_v0.1_en.c4',
  description: null,
  title: '2 - Containers',
  id: 'ses',
  autoLayout: {
    direction: 'TB',
    nodeSep: 205,
    rankSep: 200,
  },
  hash: 'ZE8O-6i-ofXZhfWQ4POkBom1mQRgA0TOoID5o15QIk0',
  bounds: {
    x: -62,
    y: -66,
    width: 2060,
    height: 2346,
  },
  nodes: [
    {
      id: 'customer',
      parent: null,
      level: 0,
      children: [],
      inEdges: [],
      outEdges: [
        's12u5w',
      ],
      title: 'Small energy consumers',
      modelRef: 'customer',
      shape: 'person',
      color: 'muted',
      style: {
        opacity: 15,
        size: 'md',
      },
      description: {
        txt: 'Participants of the energy community who view their own data and advice',
      },
      tags: [],
      kind: 'actor',
      x: 268,
      y: -46,
      width: 352,
      height: 180,
      labelBBox: {
        x: 17,
        y: 56,
        width: 317,
        height: 65,
      },
      navigateTo: null,
      links: null,
    },
    {
      id: 'weatherData',
      parent: null,
      level: 0,
      children: [],
      inEdges: [],
      outEdges: [
        '8fmned',
      ],
      title: 'Weather data',
      modelRef: 'weatherData',
      shape: 'rectangle',
      color: 'muted',
      style: {
        opacity: 15,
        size: 'md',
      },
      description: {
        txt: 'Weather forecast for the next 48 hours and historical weather archive',
      },
      tags: [],
      kind: 'actor',
      x: 1238,
      y: 2080,
      width: 325,
      height: 180,
      labelBBox: {
        x: 18,
        y: 56,
        width: 289,
        height: 65,
      },
      navigateTo: null,
      links: null,
    },
    {
      id: 'meterData',
      parent: null,
      level: 0,
      children: [],
      inEdges: [],
      outEdges: [
        'gou2am',
      ],
      title: 'Meter data',
      modelRef: 'meterData',
      shape: 'rectangle',
      color: 'muted',
      style: {
        opacity: 15,
        size: 'md',
      },
      description: {
        txt: 'CSV export with quarter-hourly readings per meter, delivered a few times per year',
      },
      tags: [],
      kind: 'actor',
      x: 1646,
      y: -44,
      width: 332,
      height: 180,
      labelBBox: {
        x: 17,
        y: 56,
        width: 297,
        height: 65,
      },
      navigateTo: null,
      links: null,
    },
    {
      id: 'admin',
      parent: null,
      level: 0,
      children: [],
      inEdges: [
        'gou2am',
      ],
      outEdges: [
        '1uzxhpb',
      ],
      title: 'System administrator',
      modelRef: 'admin',
      shape: 'person',
      color: 'muted',
      style: {
        opacity: 15,
        size: 'md',
      },
      description: {
        txt: 'Administrator who imports data and manages the system',
      },
      tags: [],
      kind: 'actor',
      x: 1010,
      y: -41,
      width: 341,
      height: 180,
      labelBBox: {
        x: 18,
        y: 56,
        width: 306,
        height: 65,
      },
      navigateTo: null,
      links: null,
    },
    {
      id: 'ses',
      parent: null,
      level: 0,
      children: [
        'ses.webapp',
        'ses.frontendAPI',
        'ses.ingestService',
        'ses.calculationService',
        'ses.mlService',
        'ses.backendAPI',
        'ses.database',
      ],
      inEdges: [
        's12u5w',
        '1uzxhpb',
        '8fmned',
      ],
      outEdges: [],
      title: 'Smart Energie Stolp',
      modelRef: 'ses',
      shape: 'rectangle',
      color: 'primary',
      style: {
        opacity: 15,
        size: 'md',
      },
      description: {
        txt: 'Calculates, forecasts and improves the simultaneity of local energy generation and consumption',
      },
      tags: [
        'version1',
      ],
      kind: 'system',
      depth: 1,
      x: -42,
      y: 293,
      width: 1650,
      height: 1600,
      labelBBox: {
        x: 6,
        y: 0,
        width: 135,
        height: 15,
      },
      navigateTo: null,
      links: null,
    },
    {
      id: 'ses.webapp',
      parent: 'ses',
      level: 1,
      children: [],
      inEdges: [
        's12u5w',
        '1uzxhpb',
      ],
      outEdges: [
        'soyyp9',
        'tf2y90',
      ],
      title: 'Web app',
      modelRef: 'ses.webapp',
      shape: 'browser',
      color: 'primary',
      style: {
        opacity: 15,
        size: 'md',
      },
      description: {
        txt: 'User interface for participants and administrators (front-end framework still to be chosen)',
      },
      tags: [
        'ui',
        'warn',
      ],
      kind: 'container',
      navigateTo: 'webappDetail',
      x: 636,
      y: 353,
      width: 328,
      height: 180,
      labelBBox: {
        x: 22,
        y: 47,
        width: 284,
        height: 83,
      },
      links: null,
    },
    {
      id: 'ses.frontendAPI',
      parent: 'ses',
      level: 1,
      children: [],
      inEdges: [
        'soyyp9',
      ],
      outEdges: [
        'exzjix',
      ],
      title: 'Frontend API',
      modelRef: 'ses.frontendAPI',
      shape: 'rectangle',
      color: 'primary',
      style: {
        opacity: 15,
        size: 'sm',
      },
      description: {
        txt: 'API between the web app and the database',
      },
      tags: [],
      kind: 'container',
      navigateTo: 'frontendApiDetail',
      x: 661,
      y: 662,
      width: 260,
      height: 135,
      labelBBox: {
        x: 11,
        y: 47,
        width: 237,
        height: 39,
      },
      links: null,
    },
    {
      id: 'ses.ingestService',
      parent: 'ses',
      level: 1,
      children: [],
      inEdges: [
        'tf2y90',
      ],
      outEdges: [
        '4jc7qh',
        '1mq7wo1',
      ],
      title: 'Ingest service',
      modelRef: 'ses.ingestService',
      shape: 'rectangle',
      color: 'primary',
      style: {
        opacity: 15,
        size: 'md',
      },
      description: {
        txt: 'Imports meter data and links every meter to the right participant',
      },
      tags: [],
      kind: 'container',
      navigateTo: 'ingestDetail',
      x: 0,
      y: 1671,
      width: 329,
      height: 180,
      labelBBox: {
        x: 18,
        y: 56,
        width: 293,
        height: 65,
      },
      links: null,
    },
    {
      id: 'ses.calculationService',
      parent: 'ses',
      level: 1,
      children: [],
      inEdges: [
        '1mq7wo1',
      ],
      outEdges: [
        '1ns8ns2',
        '99nn5u',
      ],
      title: 'Calculation service',
      modelRef: 'ses.calculationService',
      shape: 'rectangle',
      color: 'primary',
      style: {
        opacity: 15,
        size: 'md',
      },
      description: {
        txt: 'Calculates simultaneity per quarter hour',
      },
      tags: [],
      kind: 'container',
      navigateTo: 'calculationDetail',
      x: 633,
      y: 1671,
      width: 320,
      height: 180,
      labelBBox: {
        x: 25,
        y: 65,
        width: 269,
        height: 47,
      },
      links: null,
    },
    {
      id: 'ses.mlService',
      parent: 'ses',
      level: 1,
      children: [],
      inEdges: [
        '8fmned',
        '99nn5u',
      ],
      outEdges: [
        'n595wq',
      ],
      title: 'ML service',
      modelRef: 'ses.mlService',
      shape: 'rectangle',
      color: 'primary',
      style: {
        opacity: 15,
        size: 'md',
      },
      description: {
        txt: 'Forecasts generation and consumption and generates personal advice',
      },
      tags: [],
      kind: 'container',
      navigateTo: 'mlDetail',
      x: 1238,
      y: 1671,
      width: 328,
      height: 180,
      labelBBox: {
        x: 17,
        y: 56,
        width: 293,
        height: 65,
      },
      links: null,
    },
    {
      id: 'ses.backendAPI',
      parent: 'ses',
      level: 1,
      children: [],
      inEdges: [
        '4jc7qh',
        '1ns8ns2',
        'n595wq',
      ],
      outEdges: [
        '1xytwqb',
      ],
      title: 'Backend API',
      modelRef: 'ses.backendAPI',
      shape: 'rectangle',
      color: 'primary',
      style: {
        opacity: 15,
        size: 'sm',
      },
      description: {
        txt: 'API between the backend services and the database',
      },
      tags: [],
      kind: 'container',
      navigateTo: 'backendApiDetail',
      x: 661,
      y: 1237,
      width: 255,
      height: 135,
      labelBBox: {
        x: 12,
        y: 40,
        width: 231,
        height: 54,
      },
      links: null,
    },
    {
      id: 'ses.database',
      parent: 'ses',
      level: 1,
      children: [],
      inEdges: [
        'exzjix',
        '1xytwqb',
      ],
      outEdges: [],
      title: 'Database',
      modelRef: 'ses.database',
      shape: 'storage',
      color: 'primary',
      style: {
        opacity: 15,
        size: 'md',
      },
      description: {
        txt: 'PostgreSQL with TimescaleDB for readings, links, forecasts and advice',
      },
      tags: [],
      kind: 'container',
      navigateTo: 'databaseDetail',
      x: 638,
      y: 927,
      width: 333,
      height: 180,
      labelBBox: {
        x: 18,
        y: 56,
        width: 297,
        height: 65,
      },
      links: null,
    },
  ],
  edges: [
    {
      id: 's12u5w',
      parent: null,
      source: 'customer',
      target: 'ses.webapp',
      label: 'views own data and advice',
      relations: [
        '1ni6f1x',
      ],
      color: 'gray',
      line: 'dashed',
      head: 'normal',
      tags: [
        'level2',
      ],
      points: [
        [
          504,
          129,
        ],
        [
          564,
          192,
        ],
        [
          644,
          279,
        ],
        [
          704,
          343,
        ],
      ],
      labelBBox: {
        x: 593,
        y: 222,
        width: 171,
        height: 18,
      },
      controlPoints: [
        {
          x: 593,
          y: 222,
        },
        {
          x: 633,
          y: 265,
        },
      ],
      isLabelCustomized: false,
      navigateTo: null,
    },
    {
      id: '1uzxhpb',
      parent: null,
      source: 'admin',
      target: 'ses.webapp',
      label: 'imports meter data and manages settings',
      relations: [
        '1u7w6hy',
      ],
      color: 'gray',
      line: 'dashed',
      head: 'normal',
      tags: [
        'level2',
      ],
      points: [
        [
          1086,
          132,
        ],
        [
          1028,
          194,
        ],
        [
          949,
          277,
        ],
        [
          890,
          341,
        ],
      ],
      labelBBox: {
        x: 1004,
        y: 225,
        width: 262,
        height: 18,
      },
      controlPoints: [
        {
          x: 1004,
          y: 225,
        },
        {
          x: 964,
          y: 267,
        },
      ],
      isLabelCustomized: false,
      navigateTo: null,
    },
    {
      id: '8fmned',
      parent: null,
      source: 'weatherData',
      target: 'ses.mlService',
      label: 'provides weather data over HTTPS',
      relations: [
        '1pk31wt',
      ],
      color: 'gray',
      line: 'dashed',
      head: 'normal',
      tags: [
        'level2',
      ],
      points: [
        [
          1381,
          2128,
        ],
        [
          1376,
          2106,
        ],
        [
          1372,
          2079,
        ],
        [
          1367,
          2055,
        ],
        [
          1359,
          1998,
        ],
        [
          1348,
          1896,
        ],
        [
          1344,
          1832,
        ],
      ],
      labelBBox: {
        x: 1398,
        y: 1988,
        width: 223,
        height: 18,
      },
      controlPoints: [
        {
          x: 1398,
          y: 1988,
        },
        {
          x: 1398,
          y: 1943,
        },
      ],
      isLabelCustomized: false,
      navigateTo: null,
    },
    {
      id: 'soyyp9',
      parent: 'ses',
      source: 'ses.webapp',
      target: 'ses.frontendAPI',
      label: 'sends requests over HTTPS',
      relations: [
        '1q64c9i',
      ],
      color: 'gray',
      line: 'dashed',
      head: 'normal',
      tags: [
        'level2',
      ],
      points: [
        [
          788,
          465,
        ],
        [
          777,
          510,
        ],
        [
          756,
          605,
        ],
        [
          774,
          688,
        ],
        [
          779,
          709,
        ],
        [
          787,
          732,
        ],
        [
          794,
          749,
        ],
      ],
      labelBBox: {
        x: 798,
        y: 585,
        width: 180,
        height: 18,
      },
      controlPoints: [
        {
          x: 798,
          y: 585,
        },
        {
          x: 798,
          y: 611,
        },
      ],
      isLabelCustomized: false,
      navigateTo: null,
    },
    {
      id: 'tf2y90',
      parent: 'ses',
      source: 'ses.webapp',
      target: 'ses.ingestService',
      label: 'uploads CSV file',
      relations: [
        'sks3su',
      ],
      color: 'gray',
      line: 'dashed',
      head: 'normal',
      tags: [
        'level2',
      ],
      points: [
        [
          537,
          988,
        ],
        [
          427,
          1215,
        ],
      ],
      labelBBox: {
        x: 537,
        y: 988,
        width: 108,
        height: 18,
      },
      controlPoints: [
        {
          x: 537,
          y: 988,
        },
        {
          x: 427,
          y: 1215,
        },
      ],
      isLabelCustomized: false,
      navigateTo: null,
    },
    {
      id: 'exzjix',
      parent: 'ses',
      source: 'ses.frontendAPI',
      target: 'ses.database',
      label: 'reads participant data, writes settings \nand feedback',
      relations: [
        '3u21hl',
      ],
      color: 'gray',
      line: 'dashed',
      head: 'normal',
      tags: [
        'level2',
      ],
      points: [
        [
          797,
          770,
        ],
        [
          798,
          812,
        ],
        [
          799,
          874,
        ],
        [
          799,
          920,
        ],
      ],
      labelBBox: {
        x: 798,
        y: 849,
        width: 235,
        height: 35,
      },
      controlPoints: [
        {
          x: 798,
          y: 849,
        },
        {
          x: 798,
          y: 875,
        },
      ],
      isLabelCustomized: true,
      navigateTo: null,
    },
    {
      id: '1xytwqb',
      parent: 'ses',
      source: 'ses.backendAPI',
      target: 'ses.database',
      label: 'reads and writes readings, links, \nresults and advice',
      relations: [
        'i0fzwp',
      ],
      color: 'gray',
      line: 'dashed',
      head: 'normal',
      tags: [
        'level2',
      ],
      points: [
        [
          795,
          1252,
        ],
        [
          793,
          1210,
        ],
        [
          791,
          1144,
        ],
        [
          790,
          1093,
        ],
      ],
      labelBBox: {
        x: 798,
        y: 1185,
        width: 204,
        height: 34,
      },
      controlPoints: [
        {
          x: 798,
          y: 1185,
        },
        {
          x: 798,
          y: 1159,
        },
      ],
      isLabelCustomized: true,
      navigateTo: null,
    },
    {
      id: '4jc7qh',
      parent: 'ses',
      source: 'ses.ingestService',
      target: 'ses.backendAPI',
      label: 'reads meter links, writes readings and \nimport records',
      relations: [
        '1hdizdg',
      ],
      color: 'gray',
      line: 'dashed',
      head: 'normal',
      tags: [
        'level2',
      ],
      points: [
        [
          265,
          1683,
        ],
        [
          290,
          1659,
        ],
        [
          324,
          1632,
        ],
        [
          350,
          1611,
        ],
        [
          578,
          1426,
        ],
        [
          671,
          1349,
        ],
        [
          774,
          1285,
        ],
        [
          829,
          1247,
        ],
        [
          830,
          1255,
        ],
        [
          821,
          1269,
        ],
      ],
      labelBBox: {
        x: 466,
        y: 1552,
        width: 240,
        height: 35,
      },
      controlPoints: [
        {
          x: 466,
          y: 1552,
        },
        {
          x: 546,
          y: 1492,
        },
      ],
      isLabelCustomized: false,
      navigateTo: null,
    },
    {
      id: '1ns8ns2',
      parent: 'ses',
      source: 'ses.calculationService',
      target: 'ses.backendAPI',
      label: 'reads readings, writes simultaneity',
      relations: [
        '1d5qh19',
      ],
      color: 'gray',
      line: 'dashed',
      head: 'normal',
      tags: [
        'level2',
      ],
      points: [
        [
          790,
          1730,
        ],
        [
          789,
          1722,
        ],
        [
          787,
          1706,
        ],
        [
          786,
          1693,
        ],
        [
          775,
          1605,
        ],
        [
          770,
          1571,
        ],
        [
          753,
          1427,
        ],
        [
          749,
          1402,
        ],
        [
          747,
          1383,
        ],
        [
          744,
          1358,
        ],
      ],
      labelBBox: {
        x: 798,
        y: 1552,
        width: 219,
        height: 18,
      },
      controlPoints: [
        {
          x: 798,
          y: 1552,
        },
        {
          x: 798,
          y: 1492,
        },
      ],
      isLabelCustomized: false,
      navigateTo: null,
    },
    {
      id: 'n595wq',
      parent: 'ses',
      source: 'ses.mlService',
      target: 'ses.backendAPI',
      label: 'reads and writes forecasts, advice and \ntraining data',
      relations: [
        '1bmgihn',
      ],
      color: 'gray',
      line: 'dashed',
      head: 'normal',
      tags: [
        'level2',
      ],
      points: [
        [
          1243,
          1645,
        ],
        [
          1141,
          1566,
        ],
        [
          999,
          1459,
        ],
        [
          902,
          1384,
        ],
      ],
      labelBBox: {
        x: 1122,
        y: 1552,
        width: 243,
        height: 35,
      },
      controlPoints: [
        {
          x: 1122,
          y: 1552,
        },
        {
          x: 1044,
          y: 1492,
        },
      ],
      isLabelCustomized: false,
      navigateTo: null,
    },
    {
      id: '1mq7wo1',
      parent: 'ses',
      source: 'ses.ingestService',
      target: 'ses.calculationService',
      label: 'reports new data',
      relations: [
        'b2bd19',
      ],
      color: 'gray',
      line: 'dashed',
      head: 'normal',
      tags: [
        'level2',
      ],
      points: [
        [
          342,
          1755,
        ],
        [
          393,
          1753,
        ],
        [
          448,
          1755,
        ],
        [
          497,
          1753,
        ],
        [
          547,
          1754,
        ],
        [
          597,
          1754,
        ],
        [
          634,
          1755,
        ],
      ],
      labelBBox: {
        x: 375,
        y: 1790,
        width: 108,
        height: 18,
      },
      controlPoints: [
        {
          x: 474,
          y: 1761,
        },
        {
          x: 527,
          y: 1761,
        },
      ],
      isLabelCustomized: true,
      navigateTo: null,
    },
    {
      id: '99nn5u',
      parent: 'ses',
      source: 'ses.calculationService',
      target: 'ses.mlService',
      label: 'reports new results',
      relations: [
        'aulz6k',
      ],
      color: 'gray',
      line: 'dashed',
      head: 'normal',
      tags: [
        'level2',
      ],
      points: [
        [
          935,
          1760,
        ],
        [
          1038,
          1763,
        ],
        [
          1181,
          1765,
        ],
        [
          1288,
          1768,
        ],
      ],
      labelBBox: {
        x: 980,
        y: 1790,
        width: 122,
        height: 18,
      },
      controlPoints: [
        {
          x: 1073,
          y: 1761,
        },
        {
          x: 1128,
          y: 1761,
        },
      ],
      isLabelCustomized: true,
      navigateTo: null,
    },
    {
      id: 'gou2am',
      parent: null,
      source: 'meterData',
      target: 'admin',
      label: 'is delivered as CSV export to',
      relations: [
        '46nq6r',
      ],
      color: 'gray',
      line: 'dashed',
      head: 'normal',
      points: [
        [
          1553,
          46,
        ],
        [
          1437,
          47,
        ],
      ],
      labelBBox: {
        x: 1412,
        y: 62,
        width: 185,
        height: 18,
      },
      controlPoints: [
        {
          x: 1553,
          y: 46,
        },
        {
          x: 1437,
          y: 47,
        },
      ],
      isLabelCustomized: true,
      navigateTo: null,
      tags: null,
    },
  ],
  _layout: 'manual',
}
